Archive member included to satisfy reference by file (symbol)

/data/riotbuild/riotproject/emcute_mqttsn_sA/bin/native/application_emcute_mqttsn.a(main.o)
                              /usr/lib/gcc/x86_64-linux-gnu/7/../../../../lib32/Scrt1.o (main)
/data/riotbuild/riotproject/emcute_mqttsn_sA/bin/native/board.a(board_init.o)
                              /data/riotbuild/riotproject/emcute_mqttsn_sA/bin/native/cpu/startup.o (board_init)
/data/riotbuild/riotproject/emcute_mqttsn_sA/bin/native/board.a(board.o)
                              /data/riotbuild/riotproject/emcute_mqttsn_sA/bin/native/application_emcute_mqttsn.a(main.o) (native_motor_driver_qdec_simulation)
/data/riotbuild/riotproject/emcute_mqttsn_sA/bin/native/core.a(kernel_init.o)
                              /data/riotbuild/riotproject/emcute_mqttsn_sA/bin/native/cpu/startup.o (kernel_init)
/data/riotbuild/riotproject/emcute_mqttsn_sA/bin/native/core.a(thread.o)
                              /data/riotbuild/riotproject/emcute_mqttsn_sA/bin/native/application_emcute_mqttsn.a(main.o) (thread_create)
/data/riotbuild/riotproject/emcute_mqttsn_sA/bin/native/core.a(assert.o)
                              /data/riotbuild/riotproject/emcute_mqttsn_sA/bin/native/cpu/startup.o (_assert_failure)
/data/riotbuild/riotproject/emcute_mqttsn_sA/bin/native/core.a(msg.o)
                              /data/riotbuild/riotproject/emcute_mqttsn_sA/bin/native/application_emcute_mqttsn.a(main.o) (msg_init_queue)
/data/riotbuild/riotproject/emcute_mqttsn_sA/bin/native/core.a(thread_flags.o)
                              /data/riotbuild/riotproject/emcute_mqttsn_sA/bin/native/core.a(msg.o) (thread_flags_wake)
/data/riotbuild/riotproject/emcute_mqttsn_sA/bin/native/core.a(panic.o)
                              /data/riotbuild/riotproject/emcute_mqttsn_sA/bin/native/core.a(assert.o) (assert_crash_message)
/data/riotbuild/riotproject/emcute_mqttsn_sA/bin/native/core.a(sched.o)
                              /data/riotbuild/riotproject/emcute_mqttsn_sA/bin/native/core.a(thread.o) (sched_num_threads)
/data/riotbuild/riotproject/emcute_mqttsn_sA/bin/native/cpu.a(syscalls.o)
                              /data/riotbuild/riotproject/emcute_mqttsn_sA/bin/native/cpu/startup.o (real_exit)
/data/riotbuild/riotproject/emcute_mqttsn_sA/bin/native/cpu.a(irq_cpu.o)
                              /data/riotbuild/riotproject/emcute_mqttsn_sA/bin/native/cpu.a(syscalls.o) (native_interrupts_enabled)
/data/riotbuild/riotproject/emcute_mqttsn_sA/bin/native/cpu.a(native_cpu.o)
                              /data/riotbuild/riotproject/emcute_mqttsn_sA/bin/native/core.a(thread.o) (thread_stack_init)
/data/riotbuild/riotproject/emcute_mqttsn_sA/bin/native/cpu.a(tramp.o)
                              /data/riotbuild/riotproject/emcute_mqttsn_sA/bin/native/cpu.a(irq_cpu.o) (_native_sig_leave_tramp)
/data/riotbuild/riotproject/emcute_mqttsn_sA/bin/native/emcute.a(emcute.o)
                              /data/riotbuild/riotproject/emcute_mqttsn_sA/bin/native/application_emcute_mqttsn.a(main.o) (emcute_con)
/data/riotbuild/riotproject/emcute_mqttsn_sA/bin/native/gnrc_sock_udp.a(gnrc_sock_udp.o)
                              /data/riotbuild/riotproject/emcute_mqttsn_sA/bin/native/emcute.a(emcute.o) (sock_udp_create)
/data/riotbuild/riotproject/emcute_mqttsn_sA/bin/native/gnrc_udp.a(gnrc_udp.o)
                              /data/riotbuild/riotproject/emcute_mqttsn_sA/bin/native/gnrc_sock_udp.a(gnrc_sock_udp.o) (gnrc_udp_hdr_build)
/data/riotbuild/riotproject/emcute_mqttsn_sA/bin/native/inet_csum.a(inet_csum.o)
                              /data/riotbuild/riotproject/emcute_mqttsn_sA/bin/native/gnrc_udp.a(gnrc_udp.o) (inet_csum_slice)
/data/riotbuild/riotproject/emcute_mqttsn_sA/bin/native/ipv6_addr.a(ipv6_addr.o)
                              /data/riotbuild/riotproject/emcute_mqttsn_sA/bin/native/gnrc_sock_udp.a(gnrc_sock_udp.o) (ipv6_addr_unspecified)
/data/riotbuild/riotproject/emcute_mqttsn_sA/bin/native/ipv6_addr.a(ipv6_addr_to_str.o)
                              /data/riotbuild/riotproject/emcute_mqttsn_sA/bin/native/ipv6_addr.a(ipv6_addr.o) (ipv6_addr_to_str)
/data/riotbuild/riotproject/emcute_mqttsn_sA/bin/native/ipv6_addr.a(ipv6_addr_from_str.o)
                              /data/riotbuild/riotproject/emcute_mqttsn_sA/bin/native/application_emcute_mqttsn.a(main.o) (ipv6_addr_from_str)
/data/riotbuild/riotproject/emcute_mqttsn_sA/bin/native/native-drivers.a(native-led.o)
                              /data/riotbuild/riotproject/emcute_mqttsn_sA/bin/native/board.a(board_init.o) (_native_LED_GREEN_ON)
/data/riotbuild/riotproject/emcute_mqttsn_sA/bin/native/periph.a(pm.o)
                              /data/riotbuild/riotproject/emcute_mqttsn_sA/bin/native/core.a(kernel_init.o) (pm_set_lowest)
/data/riotbuild/riotproject/emcute_mqttsn_sA/bin/native/periph.a(uart.o)
                              /data/riotbuild/riotproject/emcute_mqttsn_sA/bin/native/cpu/startup.o (tty_uart_setup)
[...]
Memory Configuration

Name             Origin             Length             Attributes
*default*        0x0000000000000000 0xffffffffffffffff

Linker script and memory map

LOAD /usr/lib/gcc/x86_64-linux-gnu/7/../../../../lib32/Scrt1.o
LOAD /usr/lib/gcc/x86_64-linux-gnu/7/../../../../lib32/crti.o
LOAD /usr/lib/gcc/x86_64-linux-gnu/7/32/crtbeginS.o
LOAD /data/riotbuild/riotproject/emcute_mqttsn_sA/bin/native/cpu/startup.o
START GROUP
LOAD /data/riotbuild/riotproject/emcute_mqttsn_sA/bin/native/application_emcute_mqttsn.a
LOAD /data/riotbuild/riotproject/emcute_mqttsn_sA/bin/native/auto_init.a
LOAD /data/riotbuild/riotproject/emcute_mqttsn_sA/bin/native/auto_init_gnrc_netif.a
LOAD /data/riotbuild/riotproject/emcute_mqttsn_sA/bin/native/board.a
LOAD /data/riotbuild/riotproject/emcute_mqttsn_sA/bin/native/core.a
LOAD /data/riotbuild/riotproject/emcute_mqttsn_sA/bin/native/cpu.a
LOAD /data/riotbuild/riotproject/emcute_mqttsn_sA/bin/native/div.a
LOAD /data/riotbuild/riotproject/emcute_mqttsn_sA/bin/native/emcute.a
LOAD /data/riotbuild/riotproject/emcute_mqttsn_sA/bin/native/evtimer.a
LOAD /data/riotbuild/riotproject/emcute_mqttsn_sA/bin/native/fmt.a
LOAD /data/riotbuild/riotproject/emcute_mqttsn_sA/bin/native/gnrc.a
LOAD /data/riotbuild/riotproject/emcute_mqttsn_sA/bin/native/gnrc_icmpv6.a
LOAD /data/riotbuild/riotproject/emcute_mqttsn_sA/bin/native/gnrc_icmpv6_echo.a
LOAD /data/riotbuild/riotproject/emcute_mqttsn_sA/bin/native/gnrc_ipv6.a
LOAD /data/riotbuild/riotproject/emcute_mqttsn_sA/bin/native/gnrc_ipv6_hdr.a
LOAD /data/riotbuild/riotproject/emcute_mqttsn_sA/bin/native/gnrc_ipv6_nib.a
LOAD /data/riotbuild/riotproject/emcute_mqttsn_sA/bin/native/gnrc_ndp.a
LOAD /data/riotbuild/riotproject/emcute_mqttsn_sA/bin/native/gnrc_netapi.a
LOAD /data/riotbuild/riotproject/emcute_mqttsn_sA/bin/native/gnrc_netif.a
LOAD /data/riotbuild/riotproject/emcute_mqttsn_sA/bin/native/gnrc_netif_ethernet.a
LOAD /data/riotbuild/riotproject/emcute_mqttsn_sA/bin/native/gnrc_netif_hdr.a
LOAD /data/riotbuild/riotproject/emcute_mqttsn_sA/bin/native/gnrc_netreg.a
LOAD /data/riotbuild/riotproject/emcute_mqttsn_sA/bin/native/gnrc_pkt.a
LOAD /data/riotbuild/riotproject/emcute_mqttsn_sA/bin/native/gnrc_pktbuf.a
LOAD /data/riotbuild/riotproject/emcute_mqttsn_sA/bin/native/gnrc_pktbuf_static.a
LOAD /data/riotbuild/riotproject/emcute_mqttsn_sA/bin/native/gnrc_sock.a
LOAD /data/riotbuild/riotproject/emcute_mqttsn_sA/bin/native/gnrc_sock_udp.a
LOAD /data/riotbuild/riotproject/emcute_mqttsn_sA/bin/native/gnrc_udp.a
LOAD /data/riotbuild/riotproject/emcute_mqttsn_sA/bin/native/icmpv6.a
LOAD /data/riotbuild/riotproject/emcute_mqttsn_sA/bin/native/inet_csum.a
LOAD /data/riotbuild/riotproject/emcute_mqttsn_sA/bin/native/iolist.a
LOAD /data/riotbuild/riotproject/emcute_mqttsn_sA/bin/native/ipv6_addr.a
LOAD /data/riotbuild/riotproject/emcute_mqttsn_sA/bin/native/ipv6_hdr.a
LOAD /data/riotbuild/riotproject/emcute_mqttsn_sA/bin/native/l2util.a
LOAD /data/riotbuild/riotproject/emcute_mqttsn_sA/bin/native/luid.a
LOAD /data/riotbuild/riotproject/emcute_mqttsn_sA/bin/native/native-drivers.a
LOAD /data/riotbuild/riotproject/emcute_mqttsn_sA/bin/native/netdev_eth.a
LOAD /data/riotbuild/riotproject/emcute_mqttsn_sA/bin/native/netdev_tap.a
LOAD /data/riotbuild/riotproject/emcute_mqttsn_sA/bin/native/periph.a
LOAD /data/riotbuild/riotproject/emcute_mqttsn_sA/bin/native/ps.a
LOAD /data/riotbuild/riotproject/emcute_mqttsn_sA/bin/native/random.a
LOAD /data/riotbuild/riotproject/emcute_mqttsn_sA/bin/native/shell.a
LOAD /data/riotbuild/riotproject/emcute_mqttsn_sA/bin/native/shell_commands.a
LOAD /data/riotbuild/riotproject/emcute_mqttsn_sA/bin/native/sys.a
LOAD /data/riotbuild/riotproject/emcute_mqttsn_sA/bin/native/tinymt32.a
LOAD /data/riotbuild/riotproject/emcute_mqttsn_sA/bin/native/udp.a
LOAD /data/riotbuild/riotproject/emcute_mqttsn_sA/bin/native/xtimer.a
LOAD /data/riotbuild/riotproject/emcute_mqttsn_sA/bin/native/periph_common.a
LOAD /usr/lib/gcc/x86_64-linux-gnu/7/../../../../lib32/libm.so
END GROUP
LOAD /usr/lib/gcc/x86_64-linux-gnu/7/../../../../lib32/libdl.so
LOAD /usr/lib/gcc/x86_64-linux-gnu/7/32/libgcc.a
LOAD /usr/lib/gcc/x86_64-linux-gnu/7/32/libgcc_s.so
START GROUP
LOAD /usr/lib/gcc/x86_64-linux-gnu/7/32/libgcc_s.so.1
LOAD /usr/lib/gcc/x86_64-linux-gnu/7/32/libgcc.a
END GROUP
LOAD /usr/lib/gcc/x86_64-linux-gnu/7/../../../../lib32/libc.so
START GROUP
LOAD /lib32/libc.so.6
LOAD /usr/lib32/libc_nonshared.a
LOAD /lib32/ld-linux.so.2
END GROUP
LOAD /usr/lib/gcc/x86_64-linux-gnu/7/32/libgcc.a
LOAD /usr/lib/gcc/x86_64-linux-gnu/7/32/libgcc_s.so
START GROUP
LOAD /usr/lib/gcc/x86_64-linux-gnu/7/32/libgcc_s.so.1
LOAD /usr/lib/gcc/x86_64-linux-gnu/7/32/libgcc.a
END GROUP
LOAD /usr/lib/gcc/x86_64-linux-gnu/7/32/crtendS.o
LOAD /usr/lib/gcc/x86_64-linux-gnu/7/../../../../lib32/crtn.o
                [!provide]                        PROVIDE (__executable_start = SEGMENT_START ("text-segment", 0x0))
                0x0000000000000154                . = (SEGMENT_START ("text-segment", 0x0) + SIZEOF_HEADERS)

.interp         0x0000000000000154       0x13
 *(.interp)
 .interp        0x0000000000000154       0x13 /usr/lib/gcc/x86_64-linux-gnu/7/../../../../lib32/Scrt1.o

.note.ABI-tag   0x0000000000000168       0x20
 .note.ABI-tag  0x0000000000000168       0x20 /usr/lib/gcc/x86_64-linux-gnu/7/../../../../lib32/Scrt1.o

.note.gnu.build-id
                0x0000000000000188       0x24
 *(.note.gnu.build-id)
 .note.gnu.build-id
                0x0000000000000188       0x24 /usr/lib/gcc/x86_64-linux-gnu/7/../../../../lib32/Scrt1.o

.hash
 *(.hash)

.gnu.hash       0x00000000000001ac       0xb4
 *(.gnu.hash)
 .gnu.hash      0x00000000000001ac       0xb4 /usr/lib/gcc/x86_64-linux-gnu/7/../../../../lib32/Scrt1.o

.dynsym         0x0000000000000260      0x400
 *(.dynsym)
 .dynsym        0x0000000000000260      0x400 /usr/lib/gcc/x86_64-linux-gnu/7/../../../../lib32/Scrt1.o

.dynstr         0x0000000000000660      0x259
 *(.dynstr)
 .dynstr        0x0000000000000660      0x259 /usr/lib/gcc/x86_64-linux-gnu/7/../../../../lib32/Scrt1.o

.gnu.version    0x00000000000008ba       0x80
 *(.gnu.version)
 .gnu.version   0x00000000000008ba       0x80 /usr/lib/gcc/x86_64-linux-gnu/7/../../../../lib32/Scrt1.o

.gnu.version_d  0x000000000000093c        0x0
 *(.gnu.version_d)
 .gnu.version_d
                0x000000000000093c        0x0 /usr/lib/gcc/x86_64-linux-gnu/7/../../../../lib32/Scrt1.o

.gnu.version_r  0x000000000000093c       0x70
 *(.gnu.version_r)
 .gnu.version_r
                0x000000000000093c       0x70 /usr/lib/gcc/x86_64-linux-gnu/7/../../../../lib32/Scrt1.o

.rel.dyn        0x00000000000009ac      0x420
 *(.rel.init)
 *(.rel.text .rel.text.* .rel.gnu.linkonce.t.*)
 .rel.text.core_panic
                0x00000000000009ac        0x0 /usr/lib/gcc/x86_64-linux-gnu/7/../../../../lib32/Scrt1.o
 .rel.text      0x00000000000009ac       0x38 /usr/lib/gcc/x86_64-linux-gnu/7/../../../../lib32/Scrt1.o
 *(.rel.fini)
 *(.rel.rodata .rel.rodata.* .rel.gnu.linkonce.r.*)
 *(.rel.data.rel.ro .rel.data.rel.ro.* .rel.gnu.linkonce.d.rel.ro.*)
 .rel.data.rel.ro
                0x00000000000009e4        0x0 /usr/lib/gcc/x86_64-linux-gnu/7/../../../../lib32/Scrt1.o
 .rel.data.rel.ro.local.long_opts
                0x00000000000009e4       0x40 /usr/lib/gcc/x86_64-linux-gnu/7/../../../../lib32/Scrt1.o
 .rel.data.rel.ro.local.shell_commands
                0x0000000000000a24       0xa8 /usr/lib/gcc/x86_64-linux-gnu/7/../../../../lib32/Scrt1.o
 .rel.data.rel.ro._shell_command_list
                0x0000000000000acc       0xa8 /usr/lib/gcc/x86_64-linux-gnu/7/../../../../lib32/Scrt1.o
 .rel.data.rel.ro.local.flag_cmds
                0x0000000000000b74       0x88 /usr/lib/gcc/x86_64-linux-gnu/7/../../../../lib32/Scrt1.o
 .rel.data.rel.ro.ethernet_ops
                0x0000000000000bfc       0x20 /usr/lib/gcc/x86_64-linux-gnu/7/../../../../lib32/Scrt1.o
 .rel.data.rel.ro.local.netdev_driver_tap
                0x0000000000000c1c       0x30 /usr/lib/gcc/x86_64-linux-gnu/7/../../../../lib32/Scrt1.o
 *(.rel.data .rel.data.* .rel.gnu.linkonce.d.*)
 .rel.data.rel.local
                0x0000000000000c4c        0x8 /usr/lib/gcc/x86_64-linux-gnu/7/../../../../lib32/Scrt1.o
 .rel.data.rel.local.main_name
                0x0000000000000c54        0x8 /usr/lib/gcc/x86_64-linux-gnu/7/../../../../lib32/Scrt1.o
 .rel.data.rel.local.idle_name
                0x0000000000000c5c        0x8 /usr/lib/gcc/x86_64-linux-gnu/7/../../../../lib32/Scrt1.o
 .rel.data.rel.local.state_names
                0x0000000000000c64       0x60 /usr/lib/gcc/x86_64-linux-gnu/7/../../../../lib32/Scrt1.o
 .rel.data.rel.local.INCORRECT_QUOTING.2624
                0x0000000000000cc4        0x8 /usr/lib/gcc/x86_64-linux-gnu/7/../../../../lib32/Scrt1.o
 .rel.data.rel.local._netopt_state_str
                0x0000000000000ccc       0x38 /usr/lib/gcc/x86_64-linux-gnu/7/../../../../lib32/Scrt1.o
 .rel.data.rel.local._netopt_bandwidth_str
                0x0000000000000d04       0x18 /usr/lib/gcc/x86_64-linux-gnu/7/../../../../lib32/Scrt1.o
 .rel.data.rel.local._netopt_coding_rate_str
                0x0000000000000d1c       0x20 /usr/lib/gcc/x86_64-linux-gnu/7/../../../../lib32/Scrt1.o
 .rel.data.rel.local._nud_str
                0x0000000000000d3c       0x38 /usr/lib/gcc/x86_64-linux-gnu/7/../../../../lib32/Scrt1.o
 *(.rel.tdata .rel.tdata.* .rel.gnu.linkonce.td.*)
 *(.rel.tbss .rel.tbss.* .rel.gnu.linkonce.tb.*)
 *(.rel.ctors)
 *(.rel.dtors)
 *(.rel.got)
 .rel.got       0x0000000000000d74       0x40 /usr/lib/gcc/x86_64-linux-gnu/7/../../../../lib32/Scrt1.o
 *(.rel.bss .rel.bss.* .rel.gnu.linkonce.b.*)
 .rel.bss       0x0000000000000db4        0x0 /usr/lib/gcc/x86_64-linux-gnu/7/../../../../lib32/Scrt1.o
 *(.rel.ifunc)
 .rel.ifunc     0x0000000000000db4        0x0 /usr/lib/gcc/x86_64-linux-gnu/7/../../../../lib32/Scrt1.o
 .rel.fini_array
                0x0000000000000db4        0x8 /usr/lib/gcc/x86_64-linux-gnu/7/../../../../lib32/Scrt1.o
 .rel.init_array
                0x0000000000000dbc       0x10 /usr/lib/gcc/x86_64-linux-gnu/7/../../../../lib32/Scrt1.o

.rel.plt        0x0000000000000dcc      0x120
 *(.rel.plt)
 .rel.plt       0x0000000000000dcc      0x120 /usr/lib/gcc/x86_64-linux-gnu/7/../../../../lib32/Scrt1.o
                [!provide]                        PROVIDE (__rel_iplt_start = .)
 *(.rel.iplt)
                [!provide]                        PROVIDE (__rel_iplt_end = .)

.init           0x0000000000000eec       0x23
 *(SORT_NONE(.init))
 .init          0x0000000000000eec       0x1e /usr/lib/gcc/x86_64-linux-gnu/7/../../../../lib32/crti.o
                0x0000000000000eec                _init
 .init          0x0000000000000f0a        0x5 /usr/lib/gcc/x86_64-linux-gnu/7/../../../../lib32/crtn.o

.plt            0x0000000000000f10      0x250
 *(.plt)
 .plt           0x0000000000000f10      0x250 /usr/lib/gcc/x86_64-linux-gnu/7/../../../../lib32/Scrt1.o
 *(.iplt)

.plt.got        0x0000000000001160       0x10
 *(.plt.got)
 .plt.got       0x0000000000001160       0x10 /usr/lib/gcc/x86_64-linux-gnu/7/../../../../lib32/Scrt1.o

.plt.sec
 *(.plt.sec)

.text           0x0000000000001170    0x23864
 *(.text.unlikely .text.*_unlikely .text.unlikely.*)
 *(.text.exit .text.exit.*)
 *(.text.startup .text.startup.*)
 .text.startup  0x0000000000001170      0x38a /data/riotbuild/riotproject/emcute_mqttsn_sA/bin/native/cpu/startup.o
 *(.text.hot .text.hot.*)
 *(.text .stub .text.* .gnu.linkonce.t.*)
 .text          0x00000000000014fa       0x36 /usr/lib/gcc/x86_64-linux-gnu/7/../../../../lib32/Scrt1.o
                0x00000000000014fa                _start
 .gnu.linkonce.t.__x86.get_pc_thunk.bx
                0x0000000000001530        0x4 /usr/lib/gcc/x86_64-linux-gnu/7/../../../../lib32/crti.o
                0x0000000000001530                __x86.get_pc_thunk.bx
 *fill*         0x0000000000001534        0xc 
 .text          0x0000000000001540       0xe9 /usr/lib/gcc/x86_64-linux-gnu/7/32/crtbeginS.o
 .text.__x86.get_pc_thunk.dx
                0x0000000000001629        0x4 /usr/lib/gcc/x86_64-linux-gnu/7/32/crtbeginS.o
                0x0000000000001629                __x86.get_pc_thunk.dx
 .text._native_input
                0x000000000000162d       0x9c /data/riotbuild/riotproject/emcute_mqttsn_sA/bin/native/cpu/startup.o
                0x000000000000162d                _native_input
 .text._native_log_output
                0x00000000000016c9      0x162 /data/riotbuild/riotproject/emcute_mqttsn_sA/bin/native/cpu/startup.o
                0x00000000000016c9                _native_log_output
 .text.daemonize
                0x000000000000182b      0x106 /data/riotbuild/riotproject/emcute_mqttsn_sA/bin/native/cpu/startup.o
                0x000000000000182b                daemonize
 .text.filter_daemonize_argv
                0x0000000000001931       0xba /data/riotbuild/riotproject/emcute_mqttsn_sA/bin/native/cpu/startup.o
 .text.usage_exit
                0x00000000000019eb       0xce /data/riotbuild/riotproject/emcute_mqttsn_sA/bin/native/cpu/startup.o
                0x00000000000019eb                usage_exit
 .text.emcute_thread
                0x0000000000001ab9       0x57 /data/riotbuild/riotproject/emcute_mqttsn_sA/bin/native/application_emcute_mqttsn.a(main.o)
 .text.get_rnd  0x0000000000001b10       0x62 /data/riotbuild/riotproject/emcute_mqttsn_sA/bin/native/application_emcute_mqttsn.a(main.o)
                0x0000000000001b10                get_rnd
 .text.get_temp
                0x0000000000001b72       0x5f /data/riotbuild/riotproject/emcute_mqttsn_sA/bin/native/application_emcute_mqttsn.a(main.o)
                0x0000000000001b72                get_temp
 .text.get_hum  0x0000000000001bd1       0x5f /data/riotbuild/riotproject/emcute_mqttsn_sA/bin/native/application_emcute_mqttsn.a(main.o)
                0x0000000000001bd1                get_hum
 .text.get_windir
                0x0000000000001c30       0x62 /data/riotbuild/riotproject/emcute_mqttsn_sA/bin/native/application_emcute_mqttsn.a(main.o)
                0x0000000000001c30                get_windir
 .text.on_pub   0x0000000000001c92       0xb0 /data/riotbuild/riotproject/emcute_mqttsn_sA/bin/native/application_emcute_mqttsn.a(main.o)
 .text.get_qos  0x0000000000001d42       0x6e /data/riotbuild/riotproject/emcute_mqttsn_sA/bin/native/application_emcute_mqttsn.a(main.o)
 .text.cmd_con  0x0000000000001db0      0x19c /data/riotbuild/riotproject/emcute_mqttsn_sA/bin/native/application_emcute_mqttsn.a(main.o)
 .text.cmd_discon
                0x0000000000001f4c       0x9c /data/riotbuild/riotproject/emcute_mqttsn_sA/bin/native/application_emcute_mqttsn.a(main.o)
 .text.cmd_pub  0x0000000000001fe8      0x17a /data/riotbuild/riotproject/emcute_mqttsn_sA/bin/native/application_emcute_mqttsn.a(main.o)
 .text.cmd_sub  0x0000000000002162      0x1ea /data/riotbuild/riotproject/emcute_mqttsn_sA/bin/native/application_emcute_mqttsn.a(main.o)
 .text.cmd_unsub
                0x000000000000234c      0x180 /data/riotbuild/riotproject/emcute_mqttsn_sA/bin/native/application_emcute_mqttsn.a(main.o)
 .text.cmd_will
                0x00000000000024cc       0xf9 /data/riotbuild/riotproject/emcute_mqttsn_sA/bin/native/application_emcute_mqttsn.a(main.o)
 .text.cmd_station
                0x00000000000025c5      0x194 /data/riotbuild/riotproject/emcute_mqttsn_sA/bin/native/application_emcute_mqttsn.a(main.o)
 .text.main     0x0000000000002759       0xe5 /data/riotbuild/riotproject/emcute_mqttsn_sA/bin/native/application_emcute_mqttsn.a(main.o)
                0x0000000000002759                main
 .text.__x86.get_pc_thunk.ax
                0x000000000000283e        0x4 /data/riotbuild/riotproject/emcute_mqttsn_sA/bin/native/application_emcute_mqttsn.a(main.o)
                0x000000000000283e                __x86.get_pc_thunk.ax
 .text.board_init
                0x0000000000002842       0x50 /data/riotbuild/riotproject/emcute_mqttsn_sA/bin/native/board.a(board_init.o)
                0x0000000000002842                board_init
 .text.main_trampoline
                0x0000000000002892       0x5a /data/riotbuild/riotproject/emcute_mqttsn_sA/bin/native/core.a(kernel_init.o)
 .text.idle_thread
                0x00000000000028ec       0x2a /data/riotbuild/riotproject/emcute_mqttsn_sA/bin/native/core.a(kernel_init.o)
 .text.kernel_init
                0x0000000000002916       0x7d /data/riotbuild/riotproject/emcute_mqttsn_sA/bin/native/core.a(kernel_init.o)
                0x0000000000002916                kernel_init
 .text.clist_lpoprpush
                0x0000000000002993       0x4a /data/riotbuild/riotproject/emcute_mqttsn_sA/bin/native/core.a(thread.o)
 .text.cib_init
                0x00000000000029dd       0x8b /data/riotbuild/riotproject/emcute_mqttsn_sA/bin/native/core.a(thread.o)
 .text.thread_yield
                0x0000000000002a68       0x8a /data/riotbuild/riotproject/emcute_mqttsn_sA/bin/native/core.a(thread.o)
                0x0000000000002a68                thread_yield
 .text.thread_add_to_list
                0x0000000000002af2       0xbe /data/riotbuild/riotproject/emcute_mqttsn_sA/bin/native/core.a(thread.o)
                0x0000000000002af2                thread_add_to_list
 .text.thread_measure_stack_free
                0x0000000000002bb0       0x5c /data/riotbuild/riotproject/emcute_mqttsn_sA/bin/native/core.a(thread.o)
                0x0000000000002bb0                thread_measure_stack_free
 .text.thread_create
                0x0000000000002c0c      0x277 /data/riotbuild/riotproject/emcute_mqttsn_sA/bin/native/core.a(thread.o)
                0x0000000000002c0c                thread_create
 .text._assert_failure
                0x0000000000002e83       0x52 /data/riotbuild/riotproject/emcute_mqttsn_sA/bin/native/core.a(assert.o)
                0x0000000000002e83                _assert_failure
 .text.pid_is_valid
                0x0000000000002ed5       0x4f /data/riotbuild/riotproject/emcute_mqttsn_sA/bin/native/core.a(msg.o)
 .text.list_remove_head
                0x0000000000002f24       0x4f /data/riotbuild/riotproject/emcute_mqttsn_sA/bin/native/core.a(msg.o)
 .text.cib_init
                0x0000000000002f73       0x8b /data/riotbuild/riotproject/emcute_mqttsn_sA/bin/native/core.a(msg.o)
 .text.cib_avail
                0x0000000000002ffe       0x43 /data/riotbuild/riotproject/emcute_mqttsn_sA/bin/native/core.a(msg.o)
 .text.cib_get  0x0000000000003041       0x62 /data/riotbuild/riotproject/emcute_mqttsn_sA/bin/native/core.a(msg.o)
 .text.cib_put  0x00000000000030a3       0x72 /data/riotbuild/riotproject/emcute_mqttsn_sA/bin/native/core.a(msg.o)
 .text.thread_has_msg_queue
                0x0000000000003115       0x42 /data/riotbuild/riotproject/emcute_mqttsn_sA/bin/native/core.a(msg.o)
 .text.queue_msg
                0x0000000000003157       0xa9 /data/riotbuild/riotproject/emcute_mqttsn_sA/bin/native/core.a(msg.o)
 .text.msg_send
                0x0000000000003200       0x99 /data/riotbuild/riotproject/emcute_mqttsn_sA/bin/native/core.a(msg.o)
                0x0000000000003200                msg_send
 .text.msg_try_send
                0x0000000000003299       0x99 /data/riotbuild/riotproject/emcute_mqttsn_sA/bin/native/core.a(msg.o)
                0x0000000000003299                msg_try_send
 .text._msg_send
                0x0000000000003332      0x1da /data/riotbuild/riotproject/emcute_mqttsn_sA/bin/native/core.a(msg.o)
 .text.msg_send_to_self
                0x000000000000350c       0x7b /data/riotbuild/riotproject/emcute_mqttsn_sA/bin/native/core.a(msg.o)
                0x000000000000350c                msg_send_to_self
 .text.msg_send_int
                0x0000000000003587       0xcf /data/riotbuild/riotproject/emcute_mqttsn_sA/bin/native/core.a(msg.o)
                0x0000000000003587                msg_send_int
 .text.msg_send_receive
                0x0000000000003656       0xc9 /data/riotbuild/riotproject/emcute_mqttsn_sA/bin/native/core.a(msg.o)
                0x0000000000003656                msg_send_receive
 .text.msg_reply
                0x000000000000371f       0xf0 /data/riotbuild/riotproject/emcute_mqttsn_sA/bin/native/core.a(msg.o)
                0x000000000000371f                msg_reply
 .text.msg_try_receive
                0x000000000000380f       0x44 /data/riotbuild/riotproject/emcute_mqttsn_sA/bin/native/core.a(msg.o)
                0x000000000000380f                msg_try_receive
 .text.msg_receive
                0x0000000000003853       0x44 /data/riotbuild/riotproject/emcute_mqttsn_sA/bin/native/core.a(msg.o)
                0x0000000000003853                msg_receive
 .text._msg_receive
                0x0000000000003897      0x21b /data/riotbuild/riotproject/emcute_mqttsn_sA/bin/native/core.a(msg.o)
 .text.msg_init_queue
                0x0000000000003ab2       0x66 /data/riotbuild/riotproject/emcute_mqttsn_sA/bin/native/core.a(msg.o)
                0x0000000000003ab2                msg_init_queue
 .text._thread_flags_clear_atomic
                0x0000000000003b18       0x81 /data/riotbuild/riotproject/emcute_mqttsn_sA/bin/native/core.a(thread_flags.o)
 .text._thread_flags_wait
                0x0000000000003b99       0x7d /data/riotbuild/riotproject/emcute_mqttsn_sA/bin/native/core.a(thread_flags.o)
 .text.thread_flags_clear
                0x0000000000003c16       0x5c /data/riotbuild/riotproject/emcute_mqttsn_sA/bin/native/core.a(thread_flags.o)
                0x0000000000003c16                thread_flags_clear
 .text._thread_flags_wait_any
                0x0000000000003c72       0x83 /data/riotbuild/riotproject/emcute_mqttsn_sA/bin/native/core.a(thread_flags.o)
 .text.thread_flags_wait_any
                0x0000000000003cf5       0x64 /data/riotbuild/riotproject/emcute_mqttsn_sA/bin/native/core.a(thread_flags.o)
                0x0000000000003cf5                thread_flags_wait_any
 .text.thread_flags_wake
                0x0000000000003d59       0xaf /data/riotbuild/riotproject/emcute_mqttsn_sA/bin/native/core.a(thread_flags.o)
                0x0000000000003d59                thread_flags_wake
 .text.thread_flags_set
                0x0000000000003e08      0x101 /data/riotbuild/riotproject/emcute_mqttsn_sA/bin/native/core.a(thread_flags.o)
                0x0000000000003e08                thread_flags_set
 .text.panic_arch
                0x0000000000003f09       0x2f /data/riotbuild/riotproject/emcute_mqttsn_sA/bin/native/core.a(panic.o)
                0x0000000000003f09                panic_arch
 .text.core_panic
                0x0000000000003f38       0xa1 /data/riotbuild/riotproject/emcute_mqttsn_sA/bin/native/core.a(panic.o)
                0x0000000000003f38                core_panic
 .text.bitarithm_lsb
                0x0000000000003fd9       0x51 /data/riotbuild/riotproject/emcute_mqttsn_sA/bin/native/core.a(sched.o)
 .text.clist_rpush
                0x000000000000402a       0x6c /data/riotbuild/riotproject/emcute_mqttsn_sA/bin/native/core.a(sched.o)
 .text.clist_lpop
                0x0000000000004096       0x72 /data/riotbuild/riotproject/emcute_mqttsn_sA/bin/native/core.a(sched.o)
 .text.sched_run
                0x0000000000004108       0xc3 /data/riotbuild/riotproject/emcute_mqttsn_sA/bin/native/core.a(sched.o)
                0x0000000000004108                sched_run
 .text.sched_set_status
                0x00000000000041cb      0x11d /data/riotbuild/riotproject/emcute_mqttsn_sA/bin/native/core.a(sched.o)
                0x00000000000041cb                sched_set_status
 .text.sched_switch
                0x00000000000042e8       0x90 /data/riotbuild/riotproject/emcute_mqttsn_sA/bin/native/core.a(sched.o)
                0x00000000000042e8                sched_switch
 .text.sched_task_exit
                0x0000000000004378       0x67 /data/riotbuild/riotproject/emcute_mqttsn_sA/bin/native/core.a(sched.o)
                0x0000000000004378                sched_task_exit
 .text._native_syscall_enter
                0x00000000000043df       0x43 /data/riotbuild/riotproject/emcute_mqttsn_sA/bin/native/cpu.a(syscalls.o)
                0x00000000000043df                _native_syscall_enter
 .text._native_syscall_leave
                0x0000000000004422      0x137 /data/riotbuild/riotproject/emcute_mqttsn_sA/bin/native/cpu.a(syscalls.o)
                0x0000000000004422                _native_syscall_leave
 .text.malloc   0x0000000000004559       0xa8 /data/riotbuild/riotproject/emcute_mqttsn_sA/bin/native/cpu.a(syscalls.o)
                0x0000000000004559                malloc
 .text.free     0x0000000000004601       0x55 /data/riotbuild/riotproject/emcute_mqttsn_sA/bin/native/cpu.a(syscalls.o)
                0x0000000000004601                free
 .text.calloc   0x0000000000004656       0xb1 /data/riotbuild/riotproject/emcute_mqttsn_sA/bin/native/cpu.a(syscalls.o)
                0x0000000000004656                calloc
 .text.realloc  0x0000000000004707       0x63 /data/riotbuild/riotproject/emcute_mqttsn_sA/bin/native/cpu.a(syscalls.o)
                0x0000000000004707                realloc
 .text._native_write
                0x000000000000476a       0x6c /data/riotbuild/riotproject/emcute_mqttsn_sA/bin/native/cpu.a(syscalls.o)
                0x000000000000476a                _native_write
 .text._native_writev
                0x00000000000047d6       0x6c /data/riotbuild/riotproject/emcute_mqttsn_sA/bin/native/cpu.a(syscalls.o)
                0x00000000000047d6                _native_writev
 .text.putchar  0x0000000000004842       0x4c /data/riotbuild/riotproject/emcute_mqttsn_sA/bin/native/cpu.a(syscalls.o)
                0x0000000000004842                putchar
 .text.puts     0x000000000000488e       0x6d /data/riotbuild/riotproject/emcute_mqttsn_sA/bin/native/cpu.a(syscalls.o)
                0x000000000000488e                puts
 .text.make_message
                0x00000000000048fb       0xd8 /data/riotbuild/riotproject/emcute_mqttsn_sA/bin/native/cpu.a(syscalls.o)
                0x00000000000048fb                make_message
 .text.printf   0x00000000000049d3       0x5c /data/riotbuild/riotproject/emcute_mqttsn_sA/bin/native/cpu.a(syscalls.o)
                0x00000000000049d3                printf
 .text.vprintf  0x0000000000004a2f       0x55 /data/riotbuild/riotproject/emcute_mqttsn_sA/bin/native/cpu.a(syscalls.o)
                0x0000000000004a2f                vprintf
 .text.fprintf  0x0000000000004a84       0x5b /data/riotbuild/riotproject/emcute_mqttsn_sA/bin/native/cpu.a(syscalls.o)
                0x0000000000004a84                fprintf
 .text.vfprintf
                0x0000000000004adf       0xb5 /data/riotbuild/riotproject/emcute_mqttsn_sA/bin/native/cpu.a(syscalls.o)
                0x0000000000004adf                vfprintf
 .text.vwarn    0x0000000000004b94      0x14e /data/riotbuild/riotproject/emcute_mqttsn_sA/bin/native/cpu.a(syscalls.o)
                0x0000000000004b94                vwarn
 .text.vwarnx   0x0000000000004ce2      0x103 /data/riotbuild/riotproject/emcute_mqttsn_sA/bin/native/cpu.a(syscalls.o)
                0x0000000000004ce2                vwarnx
 .text.verr     0x0000000000004de5       0x4e /data/riotbuild/riotproject/emcute_mqttsn_sA/bin/native/cpu.a(syscalls.o)
                0x0000000000004de5                verr
 .text.verrx    0x0000000000004e33       0x4e /data/riotbuild/riotproject/emcute_mqttsn_sA/bin/native/cpu.a(syscalls.o)
                0x0000000000004e33                verrx
 .text.warn     0x0000000000004e81       0x4d /data/riotbuild/riotproject/emcute_mqttsn_sA/bin/native/cpu.a(syscalls.o)
                0x0000000000004e81                warn
 .text.warnx    0x0000000000004ece       0x4d /data/riotbuild/riotproject/emcute_mqttsn_sA/bin/native/cpu.a(syscalls.o)
                0x0000000000004ece                warnx
 .text.err      0x0000000000004f1b       0x3f /data/riotbuild/riotproject/emcute_mqttsn_sA/bin/native/cpu.a(syscalls.o)
                0x0000000000004f1b                err
 .text.errx     0x0000000000004f5a       0x3f /data/riotbuild/riotproject/emcute_mqttsn_sA/bin/native/cpu.a(syscalls.o)
                0x0000000000004f5a                errx
 .text.getpid   0x0000000000004f99       0x46 /data/riotbuild/riotproject/emcute_mqttsn_sA/bin/native/cpu.a(syscalls.o)
                0x0000000000004f99                getpid
 .text._native_init_syscalls
                0x0000000000004fdf      0x5af /data/riotbuild/riotproject/emcute_mqttsn_sA/bin/native/cpu.a(syscalls.o)
                0x0000000000004fdf                _native_init_syscalls
 .text.thread_isr_stack_pointer
                0x000000000000558e       0x35 /data/riotbuild/riotproject/emcute_mqttsn_sA/bin/native/cpu.a(irq_cpu.o)
                0x000000000000558e                thread_isr_stack_pointer
 .text.thread_isr_stack_start
                0x00000000000055c3       0x35 /data/riotbuild/riotproject/emcute_mqttsn_sA/bin/native/cpu.a(irq_cpu.o)
                0x00000000000055c3                thread_isr_stack_start
 .text.irq_disable
                0x00000000000055f8       0x85 /data/riotbuild/riotproject/emcute_mqttsn_sA/bin/native/cpu.a(irq_cpu.o)
                0x00000000000055f8                irq_disable
 .text.irq_enable
                0x000000000000567d       0xa5 /data/riotbuild/riotproject/emcute_mqttsn_sA/bin/native/cpu.a(irq_cpu.o)
                0x000000000000567d                irq_enable
 .text.irq_restore
                0x0000000000005722       0x47 /data/riotbuild/riotproject/emcute_mqttsn_sA/bin/native/cpu.a(irq_cpu.o)
                0x0000000000005722                irq_restore
 .text.irq_is_in
                0x0000000000005769       0x35 /data/riotbuild/riotproject/emcute_mqttsn_sA/bin/native/cpu.a(irq_cpu.o)
                0x0000000000005769                irq_is_in
 .text._native_popsig
                0x000000000000579e       0x9f /data/riotbuild/riotproject/emcute_mqttsn_sA/bin/native/cpu.a(irq_cpu.o)
                0x000000000000579e                _native_popsig
 .text.native_irq_handler
                0x000000000000583d       0x8f /data/riotbuild/riotproject/emcute_mqttsn_sA/bin/native/cpu.a(irq_cpu.o)
                0x000000000000583d                native_irq_handler
 .text.isr_set_sigmask
                0x00000000000058cc       0x60 /data/riotbuild/riotproject/emcute_mqttsn_sA/bin/native/cpu.a(irq_cpu.o)
                0x00000000000058cc                isr_set_sigmask
 .text.native_isr_entry
                0x000000000000592c      0x18f /data/riotbuild/riotproject/emcute_mqttsn_sA/bin/native/cpu.a(irq_cpu.o)
                0x000000000000592c                native_isr_entry
 .text.set_signal_handler
                0x0000000000005abb      0x15f /data/riotbuild/riotproject/emcute_mqttsn_sA/bin/native/cpu.a(irq_cpu.o)
                0x0000000000005abb                set_signal_handler
 .text.register_interrupt
                0x0000000000005c1a       0x77 /data/riotbuild/riotproject/emcute_mqttsn_sA/bin/native/cpu.a(irq_cpu.o)
                0x0000000000005c1a                register_interrupt
 .text.unregister_interrupt
                0x0000000000005c91       0x72 /data/riotbuild/riotproject/emcute_mqttsn_sA/bin/native/cpu.a(irq_cpu.o)
                0x0000000000005c91                unregister_interrupt
 .text.native_shutdown
                0x0000000000005d03       0x4e /data/riotbuild/riotproject/emcute_mqttsn_sA/bin/native/cpu.a(irq_cpu.o)
 .text.native_interrupt_init
                0x0000000000005d51      0x3bc /data/riotbuild/riotproject/emcute_mqttsn_sA/bin/native/cpu.a(irq_cpu.o)
                0x0000000000005d51                native_interrupt_init
 .text._native_mod_ctx_leave_sigh
                0x000000000000610d       0x54 /data/riotbuild/riotproject/emcute_mqttsn_sA/bin/native/cpu.a(native_cpu.o)
 .text.thread_isr_stack_usage
                0x0000000000006161       0x33 /data/riotbuild/riotproject/emcute_mqttsn_sA/bin/native/cpu.a(native_cpu.o)
                0x0000000000006161                thread_isr_stack_usage
 .text.thread_stack_init
                0x0000000000006194      0x106 /data/riotbuild/riotproject/emcute_mqttsn_sA/bin/native/cpu.a(native_cpu.o)
                0x0000000000006194                thread_stack_init
 .text.isr_cpu_switch_context_exit
                0x000000000000629a       0x97 /data/riotbuild/riotproject/emcute_mqttsn_sA/bin/native/cpu.a(native_cpu.o)
                0x000000000000629a                isr_cpu_switch_context_exit
 .text.cpu_switch_context_exit
                0x0000000000006331       0xd1 /data/riotbuild/riotproject/emcute_mqttsn_sA/bin/native/cpu.a(native_cpu.o)
                0x0000000000006331                cpu_switch_context_exit
 .text.isr_thread_yield
                0x0000000000006402       0x95 /data/riotbuild/riotproject/emcute_mqttsn_sA/bin/native/cpu.a(native_cpu.o)
                0x0000000000006402                isr_thread_yield
 .text.thread_yield_higher
                0x0000000000006497      0x100 /data/riotbuild/riotproject/emcute_mqttsn_sA/bin/native/cpu.a(native_cpu.o)
                0x0000000000006497                thread_yield_higher
 .text.native_cpu_init
                0x0000000000006597       0xa2 /data/riotbuild/riotproject/emcute_mqttsn_sA/bin/native/cpu.a(native_cpu.o)
                0x0000000000006597                native_cpu_init
 .text          0x0000000000006639       0x3f /data/riotbuild/riotproject/emcute_mqttsn_sA/bin/native/cpu.a(tramp.o)
                0x0000000000006639                _native_sig_leave_tramp
                0x0000000000006667                _native_sig_leave_handler
 .text.mutex_init
                0x0000000000006678       0x3e /data/riotbuild/riotproject/emcute_mqttsn_sA/bin/native/emcute.a(emcute.o)
 .text.mutex_lock
                0x00000000000066b6       0x4c /data/riotbuild/riotproject/emcute_mqttsn_sA/bin/native/emcute.a(emcute.o)
 .text._xtimer_usec_from_ticks
                0x0000000000006702       0x37 /data/riotbuild/riotproject/emcute_mqttsn_sA/bin/native/emcute.a(emcute.o)
 .text._xtimer_ticks_from_usec
                0x0000000000006739       0x37 /data/riotbuild/riotproject/emcute_mqttsn_sA/bin/native/emcute.a(emcute.o)
 .text._xtimer_lltimer_now
                0x0000000000006770       0x42 /data/riotbuild/riotproject/emcute_mqttsn_sA/bin/native/emcute.a(emcute.o)
 .text._xtimer_now
                0x00000000000067b2       0x33 /data/riotbuild/riotproject/emcute_mqttsn_sA/bin/native/emcute.a(emcute.o)
 .text.xtimer_now
                0x00000000000067e5       0x49 /data/riotbuild/riotproject/emcute_mqttsn_sA/bin/native/emcute.a(emcute.o)
 .text.xtimer_now_usec
                0x000000000000682e       0x4b /data/riotbuild/riotproject/emcute_mqttsn_sA/bin/native/emcute.a(emcute.o)
 .text.xtimer_set
                0x0000000000006879       0x5d /data/riotbuild/riotproject/emcute_mqttsn_sA/bin/native/emcute.a(emcute.o)
 .text.xtimer_usec_from_ticks
                0x00000000000068d6       0x43 /data/riotbuild/riotproject/emcute_mqttsn_sA/bin/native/emcute.a(emcute.o)
 .text.byteorder_bebuftohs
                0x0000000000006919       0x50 /data/riotbuild/riotproject/emcute_mqttsn_sA/bin/native/emcute.a(emcute.o)
 .text.byteorder_htobebufs
                0x0000000000006969       0x59 /data/riotbuild/riotproject/emcute_mqttsn_sA/bin/native/emcute.a(emcute.o)
 .text.set_len  0x00000000000069c2       0x7d /data/riotbuild/riotproject/emcute_mqttsn_sA/bin/native/emcute.a(emcute.o)
 .text.get_len  0x0000000000006a3f       0x79 /data/riotbuild/riotproject/emcute_mqttsn_sA/bin/native/emcute.a(emcute.o)
 .text.time_evt
                0x0000000000006ab8       0x4c /data/riotbuild/riotproject/emcute_mqttsn_sA/bin/native/emcute.a(emcute.o)
 .text.syncsend
                0x0000000000006b04      0x118 /data/riotbuild/riotproject/emcute_mqttsn_sA/bin/native/emcute.a(emcute.o)
 .text.on_disconnect
                0x0000000000006c1c       0x69 /data/riotbuild/riotproject/emcute_mqttsn_sA/bin/native/emcute.a(emcute.o)
 .text.on_ack   0x0000000000006c85       0xf1 /data/riotbuild/riotproject/emcute_mqttsn_sA/bin/native/emcute.a(emcute.o)
 .text.on_publish
                0x0000000000006d76      0x1a2 /data/riotbuild/riotproject/emcute_mqttsn_sA/bin/native/emcute.a(emcute.o)
 .text.on_pingreq
                0x0000000000006f18       0x5c /data/riotbuild/riotproject/emcute_mqttsn_sA/bin/native/emcute.a(emcute.o)
 .text.on_pingresp
                0x0000000000006f74       0x2f /data/riotbuild/riotproject/emcute_mqttsn_sA/bin/native/emcute.a(emcute.o)
 .text.send_ping
                0x0000000000006fa3       0x66 /data/riotbuild/riotproject/emcute_mqttsn_sA/bin/native/emcute.a(emcute.o)
 .text.emcute_con
                0x0000000000007009      0x2f6 /data/riotbuild/riotproject/emcute_mqttsn_sA/bin/native/emcute.a(emcute.o)
                0x0000000000007009                emcute_con
 .text.emcute_discon
                0x00000000000072ff       0x77 /data/riotbuild/riotproject/emcute_mqttsn_sA/bin/native/emcute.a(emcute.o)
                0x00000000000072ff                emcute_discon
 .text.emcute_reg
                0x0000000000007376      0x175 /data/riotbuild/riotproject/emcute_mqttsn_sA/bin/native/emcute.a(emcute.o)
                0x0000000000007376                emcute_reg
 .text.emcute_pub
                0x00000000000074eb      0x1fc /data/riotbuild/riotproject/emcute_mqttsn_sA/bin/native/emcute.a(emcute.o)
                0x00000000000074eb                emcute_pub
 .text.emcute_sub
                0x00000000000076e7      0x1d5 /data/riotbuild/riotproject/emcute_mqttsn_sA/bin/native/emcute.a(emcute.o)
                0x00000000000076e7                emcute_sub
 .text.emcute_unsub
                0x00000000000078bc      0x190 /data/riotbuild/riotproject/emcute_mqttsn_sA/bin/native/emcute.a(emcute.o)
                0x00000000000078bc                emcute_unsub
 .text.emcute_willupd_topic
                0x0000000000007a4c      0x11e /data/riotbuild/riotproject/emcute_mqttsn_sA/bin/native/emcute.a(emcute.o)
                0x0000000000007a4c                emcute_willupd_topic
 .text.emcute_willupd_msg
                0x0000000000007b6a      0x101 /data/riotbuild/riotproject/emcute_mqttsn_sA/bin/native/emcute.a(emcute.o)
                0x0000000000007b6a                emcute_willupd_msg
 .text.emcute_run
                0x0000000000007c6b      0x32b /data/riotbuild/riotproject/emcute_mqttsn_sA/bin/native/emcute.a(emcute.o)
                0x0000000000007c6b                emcute_run
 .text.byteorder_swaps
                0x0000000000007f96       0x3d /data/riotbuild/riotproject/emcute_mqttsn_sA/bin/native/gnrc_sock_udp.a(gnrc_sock_udp.o)
 .text.byteorder_ntohs
                0x0000000000007fd3       0x49 /data/riotbuild/riotproject/emcute_mqttsn_sA/bin/native/gnrc_sock_udp.a(gnrc_sock_udp.o)
 .text.gnrc_pktbuf_release
                0x000000000000801c       0x4c /data/riotbuild/riotproject/emcute_mqttsn_sA/bin/native/gnrc_sock_udp.a(gnrc_sock_udp.o)
 .text.gnrc_af_not_supported
                0x0000000000008068       0x3b /data/riotbuild/riotproject/emcute_mqttsn_sA/bin/native/gnrc_sock_udp.a(gnrc_sock_udp.o)
 .text.gnrc_ep_addr_any
                0x00000000000080a3       0x8d /data/riotbuild/riotproject/emcute_mqttsn_sA/bin/native/gnrc_sock_udp.a(gnrc_sock_udp.o)
 .text.gnrc_ep_set
                0x0000000000008130       0x83 /data/riotbuild/riotproject/emcute_mqttsn_sA/bin/native/gnrc_sock_udp.a(gnrc_sock_udp.o)
 .text._dyn_port_used
                0x00000000000081b3       0x3a /data/riotbuild/riotproject/emcute_mqttsn_sA/bin/native/gnrc_sock_udp.a(gnrc_sock_udp.o)
 .text._get_dyn_port
                0x00000000000081ed       0xb1 /data/riotbuild/riotproject/emcute_mqttsn_sA/bin/native/gnrc_sock_udp.a(gnrc_sock_udp.o)
 .text.sock_udp_create
                0x000000000000829e      0x1f8 /data/riotbuild/riotproject/emcute_mqttsn_sA/bin/native/gnrc_sock_udp.a(gnrc_sock_udp.o)
                0x000000000000829e                sock_udp_create
 .text.sock_udp_recv
                0x0000000000008496      0x20b /data/riotbuild/riotproject/emcute_mqttsn_sA/bin/native/gnrc_sock_udp.a(gnrc_sock_udp.o)
                0x0000000000008496                sock_udp_recv
 .text.sock_udp_send
                0x00000000000086a1      0x2e1 /data/riotbuild/riotproject/emcute_mqttsn_sA/bin/native/gnrc_sock_udp.a(gnrc_sock_udp.o)
                0x00000000000086a1                sock_udp_send
 .text.byteorder_swaps
                0x0000000000008982       0x3d /data/riotbuild/riotproject/emcute_mqttsn_sA/bin/native/gnrc_udp.a(gnrc_udp.o)
 .text.byteorder_htons
                0x00000000000089bf       0x60 /data/riotbuild/riotproject/emcute_mqttsn_sA/bin/native/gnrc_udp.a(gnrc_udp.o)
 .text.byteorder_ntohs
                0x0000000000008a1f       0x49 /data/riotbuild/riotproject/emcute_mqttsn_sA/bin/native/gnrc_udp.a(gnrc_udp.o)
 .text.inet_csum
                0x0000000000008a68       0x62 /data/riotbuild/riotproject/emcute_mqttsn_sA/bin/native/gnrc_udp.a(gnrc_udp.o)
 .text.ipv6_hdr_inet_csum
                0x0000000000008aca       0x96 /data/riotbuild/riotproject/emcute_mqttsn_sA/bin/native/gnrc_udp.a(gnrc_udp.o)
 .text.gnrc_pkt_len
                0x0000000000008b60       0x57 /data/riotbuild/riotproject/emcute_mqttsn_sA/bin/native/gnrc_udp.a(gnrc_udp.o)
 .text.gnrc_netapi_dispatch_send
                0x0000000000008bb7       0x5d /data/riotbuild/riotproject/emcute_mqttsn_sA/bin/native/gnrc_udp.a(gnrc_udp.o)
 .text.gnrc_netapi_dispatch_receive
                0x0000000000008c14       0x5d /data/riotbuild/riotproject/emcute_mqttsn_sA/bin/native/gnrc_udp.a(gnrc_udp.o)
 .text.gnrc_pktbuf_release
                0x0000000000008c71       0x4c /data/riotbuild/riotproject/emcute_mqttsn_sA/bin/native/gnrc_udp.a(gnrc_udp.o)
 .text._calc_csum
                0x0000000000008cbd      0x110 /data/riotbuild/riotproject/emcute_mqttsn_sA/bin/native/gnrc_udp.a(gnrc_udp.o)
 .text._receive
                0x0000000000008dcd      0x191 /data/riotbuild/riotproject/emcute_mqttsn_sA/bin/native/gnrc_udp.a(gnrc_udp.o)
 .text._send    0x0000000000008f5e      0x184 /data/riotbuild/riotproject/emcute_mqttsn_sA/bin/native/gnrc_udp.a(gnrc_udp.o)
 .text._event_loop
                0x00000000000090e2       0xf5 /data/riotbuild/riotproject/emcute_mqttsn_sA/bin/native/gnrc_udp.a(gnrc_udp.o)
 .text.gnrc_udp_calc_csum
                0x00000000000091d7       0xb3 /data/riotbuild/riotproject/emcute_mqttsn_sA/bin/native/gnrc_udp.a(gnrc_udp.o)
                0x00000000000091d7                gnrc_udp_calc_csum
 .text.gnrc_udp_hdr_build
                0x000000000000928a       0xf7 /data/riotbuild/riotproject/emcute_mqttsn_sA/bin/native/gnrc_udp.a(gnrc_udp.o)
                0x000000000000928a                gnrc_udp_hdr_build
 .text.gnrc_udp_init
                0x0000000000009381       0x79 /data/riotbuild/riotproject/emcute_mqttsn_sA/bin/native/gnrc_udp.a(gnrc_udp.o)
                0x0000000000009381                gnrc_udp_init
 .text.__x86.get_pc_thunk.si
                0x00000000000093fa        0x4 /data/riotbuild/riotproject/emcute_mqttsn_sA/bin/native/gnrc_udp.a(gnrc_udp.o)
                0x00000000000093fa                __x86.get_pc_thunk.si
 .text.inet_csum_slice
                0x00000000000093fe      0x113 /data/riotbuild/riotproject/emcute_mqttsn_sA/bin/native/inet_csum.a(inet_csum.o)
                0x00000000000093fe                inet_csum_slice
 .text.ipv6_addr_equal
                0x0000000000009511       0xa9 /data/riotbuild/riotproject/emcute_mqttsn_sA/bin/native/ipv6_addr.a(ipv6_addr.o)
                0x0000000000009511                ipv6_addr_equal
 .text.ipv6_addr_match_prefix
                0x00000000000095ba       0xe2 /data/riotbuild/riotproject/emcute_mqttsn_sA/bin/native/ipv6_addr.a(ipv6_addr.o)
                0x00000000000095ba                ipv6_addr_match_prefix
 .text.ipv6_addr_init_prefix
                0x000000000000969c       0xeb /data/riotbuild/riotproject/emcute_mqttsn_sA/bin/native/ipv6_addr.a(ipv6_addr.o)
                0x000000000000969c                ipv6_addr_init_prefix
 .text.ipv6_addr_split
                0x0000000000009787       0x99 /data/riotbuild/riotproject/emcute_mqttsn_sA/bin/native/ipv6_addr.a(ipv6_addr.o)
                0x0000000000009787                ipv6_addr_split
 .text.ipv6_addr_to_str
                0x0000000000009820      0x33b /data/riotbuild/riotproject/emcute_mqttsn_sA/bin/native/ipv6_addr.a(ipv6_addr_to_str.o)
                0x0000000000009820                ipv6_addr_to_str
 .text.ipv6_addr_set_unspecified
                0x0000000000009b5b       0x4e /data/riotbuild/riotproject/emcute_mqttsn_sA/bin/native/ipv6_addr.a(ipv6_addr_from_str.o)
 .text.ipv6_addr_from_str
                0x0000000000009ba9      0x289 /data/riotbuild/riotproject/emcute_mqttsn_sA/bin/native/ipv6_addr.a(ipv6_addr_from_str.o)
                0x0000000000009ba9                ipv6_addr_from_str
 .text._native_LED_GREEN_ON
                0x0000000000009e32       0x48 /data/riotbuild/riotproject/emcute_mqttsn_sA/bin/native/native-drivers.a(native-led.o)
                0x0000000000009e32                _native_LED_GREEN_ON
 .text._native_LED_RED_OFF
                0x0000000000009e7a       0x48 /data/riotbuild/riotproject/emcute_mqttsn_sA/bin/native/native-drivers.a(native-led.o)
                0x0000000000009e7a                _native_LED_RED_OFF
 .text.pm_set_lowest
                0x0000000000009ec2       0x89 /data/riotbuild/riotproject/emcute_mqttsn_sA/bin/native/periph.a(pm.o)
                0x0000000000009ec2                pm_set_lowest
 .text.pm_off   0x0000000000009f4b       0x3e /data/riotbuild/riotproject/emcute_mqttsn_sA/bin/native/periph.a(pm.o)
                0x0000000000009f4b                pm_off
 .text.pm_reboot
                0x0000000000009f89       0x81 /data/riotbuild/riotproject/emcute_mqttsn_sA/bin/native/periph.a(pm.o)
                0x0000000000009f89                pm_reboot
 .text.tty_uart_setup
                0x000000000000a00a       0x5f /data/riotbuild/riotproject/emcute_mqttsn_sA/bin/native/periph.a(uart.o)
                0x000000000000a00a                tty_uart_setup
 .text.ts2ticks
                0x000000000000a069       0x61 /data/riotbuild/riotproject/emcute_mqttsn_sA/bin/native/periph.a(timer.o)
 .text.native_isr_timer
                0x000000000000a0ca       0x47 /data/riotbuild/riotproject/emcute_mqttsn_sA/bin/native/periph.a(timer.o)
                0x000000000000a0ca                native_isr_timer
 .text.timer_init
                0x000000000000a111       0xb0 /data/riotbuild/riotproject/emcute_mqttsn_sA/bin/native/periph.a(timer.o)
                0x000000000000a111                timer_init
 .text.do_timer_set
                0x000000000000a1c1       0xd7 /data/riotbuild/riotproject/emcute_mqttsn_sA/bin/native/periph.a(timer.o)
 .text.timer_set
                0x000000000000a298       0x6d /data/riotbuild/riotproject/emcute_mqttsn_sA/bin/native/periph.a(timer.o)
                0x000000000000a298                timer_set
 .text.timer_set_absolute
                0x000000000000a305       0x69 /data/riotbuild/riotproject/emcute_mqttsn_sA/bin/native/periph.a(timer.o)
                0x000000000000a305                timer_set_absolute
 .text.timer_read
                0x000000000000a36e       0x97 /data/riotbuild/riotproject/emcute_mqttsn_sA/bin/native/periph.a(timer.o)
                0x000000000000a36e                timer_read
 .text.ps       0x000000000000a405      0x1d1 /data/riotbuild/riotproject/emcute_mqttsn_sA/bin/native/ps.a(ps.o)
                0x000000000000a405                ps
 .text.flush_if_needed
                0x000000000000a5d6       0x2f /data/riotbuild/riotproject/emcute_mqttsn_sA/bin/native/shell.a(shell.o)
 .text.find_handler
                0x000000000000a605       0xa5 /data/riotbuild/riotproject/emcute_mqttsn_sA/bin/native/shell.a(shell.o)
 .text.print_help
                0x000000000000a6aa       0xcc /data/riotbuild/riotproject/emcute_mqttsn_sA/bin/native/shell.a(shell.o)
 .text.handle_input_line
                0x000000000000a776      0x32f /data/riotbuild/riotproject/emcute_mqttsn_sA/bin/native/shell.a(shell.o)
 .text.readline
                0x000000000000aaa5      0x126 /data/riotbuild/riotproject/emcute_mqttsn_sA/bin/native/shell.a(shell.o)
 .text.print_prompt
                0x000000000000abcb       0x53 /data/riotbuild/riotproject/emcute_mqttsn_sA/bin/native/shell.a(shell.o)
 .text.shell_run
                0x000000000000ac1e       0x80 /data/riotbuild/riotproject/emcute_mqttsn_sA/bin/native/shell.a(shell.o)
                0x000000000000ac1e                shell_run
 .text._reboot_handler
                0x000000000000ac9e       0x4c /data/riotbuild/riotproject/emcute_mqttsn_sA/bin/native/shell_commands.a(sc_sys.o)
                0x000000000000ac9e                _reboot_handler
 .text._ps_handler
                0x000000000000acea       0x4c /data/riotbuild/riotproject/emcute_mqttsn_sA/bin/native/shell_commands.a(sc_ps.o)
                0x000000000000acea                _ps_handler
 .text._xtimer_lltimer_now
                0x000000000000ad36       0x42 /data/riotbuild/riotproject/emcute_mqttsn_sA/bin/native/shell_commands.a(sc_random.o)
 .text._xtimer_now
                0x000000000000ad78       0x33 /data/riotbuild/riotproject/emcute_mqttsn_sA/bin/native/shell_commands.a(sc_random.o)
 .text._random_init
                0x000000000000adab       0xa4 /data/riotbuild/riotproject/emcute_mqttsn_sA/bin/native/shell_commands.a(sc_random.o)
                0x000000000000adab                _random_init
 .text._random_get
                0x000000000000ae4f       0x5c /data/riotbuild/riotproject/emcute_mqttsn_sA/bin/native/shell_commands.a(sc_random.o)
                0x000000000000ae4f                _random_get
 .text.ipv6_addr_is_multicast
                0x000000000000aeab       0x3f /data/riotbuild/riotproject/emcute_mqttsn_sA/bin/native/shell_commands.a(sc_gnrc_netif.o)
 .text.ipv6_addr_is_link_local
                0x000000000000aeea       0x89 /data/riotbuild/riotproject/emcute_mqttsn_sA/bin/native/shell_commands.a(sc_gnrc_netif.o)
 .text.gnrc_netapi_get
                0x000000000000af73       0x7a /data/riotbuild/riotproject/emcute_mqttsn_sA/bin/native/shell_commands.a(sc_gnrc_netif.o)
 .text.gnrc_netapi_set
                0x000000000000afed       0x7a /data/riotbuild/riotproject/emcute_mqttsn_sA/bin/native/shell_commands.a(sc_gnrc_netif.o)
 .text._is_number
                0x000000000000b067       0x64 /data/riotbuild/riotproject/emcute_mqttsn_sA/bin/native/shell_commands.a(sc_gnrc_netif.o)
 .text._is_iface
                0x000000000000b0cb       0x51 /data/riotbuild/riotproject/emcute_mqttsn_sA/bin/native/shell_commands.a(sc_gnrc_netif.o)
 .text._set_usage
                0x000000000000b11c       0x61 /data/riotbuild/riotproject/emcute_mqttsn_sA/bin/native/shell_commands.a(sc_gnrc_netif.o)
 .text._flag_usage
                0x000000000000b17d       0xa4 /data/riotbuild/riotproject/emcute_mqttsn_sA/bin/native/shell_commands.a(sc_gnrc_netif.o)
 .text._add_usage
                0x000000000000b221       0x51 /data/riotbuild/riotproject/emcute_mqttsn_sA/bin/native/shell_commands.a(sc_gnrc_netif.o)
 .text._del_usage
                0x000000000000b272       0x51 /data/riotbuild/riotproject/emcute_mqttsn_sA/bin/native/shell_commands.a(sc_gnrc_netif.o)
 .text._print_netopt
                0x000000000000b2c3      0x238 /data/riotbuild/riotproject/emcute_mqttsn_sA/bin/native/shell_commands.a(sc_gnrc_netif.o)
 .text._newline
                0x000000000000b4fb       0x65 /data/riotbuild/riotproject/emcute_mqttsn_sA/bin/native/shell_commands.a(sc_gnrc_netif.o)
 .text._netif_list_flag
                0x000000000000b560       0xae /data/riotbuild/riotproject/emcute_mqttsn_sA/bin/native/shell_commands.a(sc_gnrc_netif.o)
 .text._netif_list_ipv6
                0x000000000000b60e      0x162 /data/riotbuild/riotproject/emcute_mqttsn_sA/bin/native/shell_commands.a(sc_gnrc_netif.o)
 .text._netif_list_groups
                0x000000000000b770       0x90 /data/riotbuild/riotproject/emcute_mqttsn_sA/bin/native/shell_commands.a(sc_gnrc_netif.o)
 .text._netif_list
                0x000000000000b800      0x9ad /data/riotbuild/riotproject/emcute_mqttsn_sA/bin/native/shell_commands.a(sc_gnrc_netif.o)
 .text._netif_set_u32
                0x000000000000c1ad      0x1a5 /data/riotbuild/riotproject/emcute_mqttsn_sA/bin/native/shell_commands.a(sc_gnrc_netif.o)
 .text._netif_set_bandwidth
                0x000000000000c352      0x10f /data/riotbuild/riotproject/emcute_mqttsn_sA/bin/native/shell_commands.a(sc_gnrc_netif.o)
 .text._netif_set_coding_rate
                0x000000000000c461      0x12e /data/riotbuild/riotproject/emcute_mqttsn_sA/bin/native/shell_commands.a(sc_gnrc_netif.o)
 .text._netif_set_u16
                0x000000000000c58f      0x1cc /data/riotbuild/riotproject/emcute_mqttsn_sA/bin/native/shell_commands.a(sc_gnrc_netif.o)
 .text._netif_set_i16
                0x000000000000c75b       0xf4 /data/riotbuild/riotproject/emcute_mqttsn_sA/bin/native/shell_commands.a(sc_gnrc_netif.o)
 .text._netif_set_u8
                0x000000000000c84f       0xff /data/riotbuild/riotproject/emcute_mqttsn_sA/bin/native/shell_commands.a(sc_gnrc_netif.o)
 .text._netif_set_flag
                0x000000000000c94e       0xab /data/riotbuild/riotproject/emcute_mqttsn_sA/bin/native/shell_commands.a(sc_gnrc_netif.o)
 .text._netif_set_addr
                0x000000000000c9f9      0x115 /data/riotbuild/riotproject/emcute_mqttsn_sA/bin/native/shell_commands.a(sc_gnrc_netif.o)
 .text._netif_set_state
                0x000000000000cb0e      0x26e /data/riotbuild/riotproject/emcute_mqttsn_sA/bin/native/shell_commands.a(sc_gnrc_netif.o)
 .text._hex_to_int
                0x000000000000cd7c       0x78 /data/riotbuild/riotproject/emcute_mqttsn_sA/bin/native/shell_commands.a(sc_gnrc_netif.o)
 .text._netif_set_encrypt_key
                0x000000000000cdf4      0x293 /data/riotbuild/riotproject/emcute_mqttsn_sA/bin/native/shell_commands.a(sc_gnrc_netif.o)
 .text._usage   0x000000000000d087       0x89 /data/riotbuild/riotproject/emcute_mqttsn_sA/bin/native/shell_commands.a(sc_gnrc_netif.o)
 .text._netif_set
                0x000000000000d110      0x4be /data/riotbuild/riotproject/emcute_mqttsn_sA/bin/native/shell_commands.a(sc_gnrc_netif.o)
 .text._netif_flag
                0x000000000000d5ce       0xc7 /data/riotbuild/riotproject/emcute_mqttsn_sA/bin/native/shell_commands.a(sc_gnrc_netif.o)
 .text._get_prefix_len
                0x000000000000d695       0x60 /data/riotbuild/riotproject/emcute_mqttsn_sA/bin/native/shell_commands.a(sc_gnrc_netif.o)
 .text._netif_add
                0x000000000000d6f5      0x1dc /data/riotbuild/riotproject/emcute_mqttsn_sA/bin/native/shell_commands.a(sc_gnrc_netif.o)
 .text._netif_del
                0x000000000000d8d1      0x112 /data/riotbuild/riotproject/emcute_mqttsn_sA/bin/native/shell_commands.a(sc_gnrc_netif.o)
 .text._gnrc_netif_config
                0x000000000000d9e3      0x2a7 /data/riotbuild/riotproject/emcute_mqttsn_sA/bin/native/shell_commands.a(sc_gnrc_netif.o)
                0x000000000000d9e3                _gnrc_netif_config
 .text.ipv6_addr_split_prefix
                0x000000000000dc8a       0x50 /data/riotbuild/riotproject/emcute_mqttsn_sA/bin/native/shell_commands.a(sc_gnrc_ipv6_nib.o)
 .text._gnrc_ipv6_nib
                0x000000000000dcda      0x135 /data/riotbuild/riotproject/emcute_mqttsn_sA/bin/native/shell_commands.a(sc_gnrc_ipv6_nib.o)
                0x000000000000dcda                _gnrc_ipv6_nib
 .text._usage   0x000000000000de0f       0x54 /data/riotbuild/riotproject/emcute_mqttsn_sA/bin/native/shell_commands.a(sc_gnrc_ipv6_nib.o)
 .text._usage_nib_neigh
                0x000000000000de63       0xbe /data/riotbuild/riotproject/emcute_mqttsn_sA/bin/native/shell_commands.a(sc_gnrc_ipv6_nib.o)
 .text._usage_nib_prefix
                0x000000000000df21       0xbe /data/riotbuild/riotproject/emcute_mqttsn_sA/bin/native/shell_commands.a(sc_gnrc_ipv6_nib.o)
 .text._usage_nib_route
                0x000000000000dfdf       0xbe /data/riotbuild/riotproject/emcute_mqttsn_sA/bin/native/shell_commands.a(sc_gnrc_ipv6_nib.o)
 .text._get_iface
                0x000000000000e09d       0x5a /data/riotbuild/riotproject/emcute_mqttsn_sA/bin/native/shell_commands.a(sc_gnrc_ipv6_nib.o)
 .text._nib_neigh
                0x000000000000e0f7      0x2d2 /data/riotbuild/riotproject/emcute_mqttsn_sA/bin/native/shell_commands.a(sc_gnrc_ipv6_nib.o)
 .text._nib_prefix
                0x000000000000e3c9      0x375 /data/riotbuild/riotproject/emcute_mqttsn_sA/bin/native/shell_commands.a(sc_gnrc_ipv6_nib.o)
 .text._nib_route
                0x000000000000e73e      0x33a /data/riotbuild/riotproject/emcute_mqttsn_sA/bin/native/shell_commands.a(sc_gnrc_ipv6_nib.o)
 .text.bf_set   0x000000000000ea78       0x6e /data/riotbuild/riotproject/emcute_mqttsn_sA/bin/native/shell_commands.a(sc_gnrc_icmpv6_echo.o)
 .text.bf_unset
                0x000000000000eae6       0x6a /data/riotbuild/riotproject/emcute_mqttsn_sA/bin/native/shell_commands.a(sc_gnrc_icmpv6_echo.o)
 .text.bf_isset
                0x000000000000eb50       0x6a /data/riotbuild/riotproject/emcute_mqttsn_sA/bin/native/shell_commands.a(sc_gnrc_icmpv6_echo.o)
 .text.byteorder_swaps
                0x000000000000ebba       0x3d /data/riotbuild/riotproject/emcute_mqttsn_sA/bin/native/shell_commands.a(sc_gnrc_icmpv6_echo.o)
 .text.byteorder_ntohs
                0x000000000000ebf7       0x49 /data/riotbuild/riotproject/emcute_mqttsn_sA/bin/native/shell_commands.a(sc_gnrc_icmpv6_echo.o)
 .text.cib_avail
                0x000000000000ec40       0x43 /data/riotbuild/riotproject/emcute_mqttsn_sA/bin/native/shell_commands.a(sc_gnrc_icmpv6_echo.o)
 .text.gnrc_netapi_dispatch_send
                0x000000000000ec83       0x5d /data/riotbuild/riotproject/emcute_mqttsn_sA/bin/native/shell_commands.a(sc_gnrc_icmpv6_echo.o)
 .text.ipv6_addr_split_iface
                0x000000000000ece0       0x4d /data/riotbuild/riotproject/emcute_mqttsn_sA/bin/native/shell_commands.a(sc_gnrc_icmpv6_echo.o)
 .text._xtimer_usec_from_ticks
                0x000000000000ed2d       0x37 /data/riotbuild/riotproject/emcute_mqttsn_sA/bin/native/shell_commands.a(sc_gnrc_icmpv6_echo.o)
 .text._xtimer_ticks_from_usec
                0x000000000000ed64       0x37 /data/riotbuild/riotproject/emcute_mqttsn_sA/bin/native/shell_commands.a(sc_gnrc_icmpv6_echo.o)
 .text._xtimer_lltimer_now
                0x000000000000ed9b       0x42 /data/riotbuild/riotproject/emcute_mqttsn_sA/bin/native/shell_commands.a(sc_gnrc_icmpv6_echo.o)
 .text._xtimer_now
                0x000000000000eddd       0x33 /data/riotbuild/riotproject/emcute_mqttsn_sA/bin/native/shell_commands.a(sc_gnrc_icmpv6_echo.o)
 .text.xtimer_now
                0x000000000000ee10       0x49 /data/riotbuild/riotproject/emcute_mqttsn_sA/bin/native/shell_commands.a(sc_gnrc_icmpv6_echo.o)
 .text.xtimer_now_usec
                0x000000000000ee59       0x4b /data/riotbuild/riotproject/emcute_mqttsn_sA/bin/native/shell_commands.a(sc_gnrc_icmpv6_echo.o)
 .text.xtimer_set_msg
                0x000000000000eea4       0x74 /data/riotbuild/riotproject/emcute_mqttsn_sA/bin/native/shell_commands.a(sc_gnrc_icmpv6_echo.o)
 .text.xtimer_usec_from_ticks
                0x000000000000ef18       0x43 /data/riotbuild/riotproject/emcute_mqttsn_sA/bin/native/shell_commands.a(sc_gnrc_icmpv6_echo.o)
 .text.gnrc_pktbuf_release
                0x000000000000ef5b       0x4c /data/riotbuild/riotproject/emcute_mqttsn_sA/bin/native/shell_commands.a(sc_gnrc_icmpv6_echo.o)
 .text._gnrc_icmpv6_ping
                0x000000000000efa7      0x284 /data/riotbuild/riotproject/emcute_mqttsn_sA/bin/native/shell_commands.a(sc_gnrc_icmpv6_echo.o)
                0x000000000000efa7                _gnrc_icmpv6_ping
 .text._usage   0x000000000000f22b       0xbb /data/riotbuild/riotproject/emcute_mqttsn_sA/bin/native/shell_commands.a(sc_gnrc_icmpv6_echo.o)
 .text._configure
                0x000000000000f2e6      0x2c2 /data/riotbuild/riotproject/emcute_mqttsn_sA/bin/native/shell_commands.a(sc_gnrc_icmpv6_echo.o)
 .text._pinger  0x000000000000f5a8      0x27f /data/riotbuild/riotproject/emcute_mqttsn_sA/bin/native/shell_commands.a(sc_gnrc_icmpv6_echo.o)
 .text._print_reply
                0x000000000000f827      0x255 /data/riotbuild/riotproject/emcute_mqttsn_sA/bin/native/shell_commands.a(sc_gnrc_icmpv6_echo.o)
 .text._handle_reply
                0x000000000000fa7c      0x102 /data/riotbuild/riotproject/emcute_mqttsn_sA/bin/native/shell_commands.a(sc_gnrc_icmpv6_echo.o)
 .text._finish  0x000000000000fb7e      0x1b2 /data/riotbuild/riotproject/emcute_mqttsn_sA/bin/native/shell_commands.a(sc_gnrc_icmpv6_echo.o)
 .text._xtimer_lltimer_now
                0x000000000000fd30       0x42 /data/riotbuild/riotproject/emcute_mqttsn_sA/bin/native/xtimer.a(xtimer_core.o)
 .text._xtimer_lltimer_mask
                0x000000000000fd72       0x37 /data/riotbuild/riotproject/emcute_mqttsn_sA/bin/native/xtimer.a(xtimer_core.o)
 .text._xtimer_now
                0x000000000000fda9       0x33 /data/riotbuild/riotproject/emcute_mqttsn_sA/bin/native/xtimer.a(xtimer_core.o)
 .text._xtimer_spin
                0x000000000000fddc       0x4b /data/riotbuild/riotproject/emcute_mqttsn_sA/bin/native/xtimer.a(xtimer_core.o)
 .text._is_set  0x000000000000fe27       0x54 /data/riotbuild/riotproject/emcute_mqttsn_sA/bin/native/xtimer.a(xtimer_core.o)
 .text.xtimer_spin_until
                0x000000000000fe7b       0x4b /data/riotbuild/riotproject/emcute_mqttsn_sA/bin/native/xtimer.a(xtimer_core.o)
 .text.xtimer_init
                0x000000000000fec6       0x5b /data/riotbuild/riotproject/emcute_mqttsn_sA/bin/native/xtimer.a(xtimer_core.o)
                0x000000000000fec6                xtimer_init
 .text._xtimer_now_internal
                0x000000000000ff21       0x72 /data/riotbuild/riotproject/emcute_mqttsn_sA/bin/native/xtimer.a(xtimer_core.o)
 .text._xtimer_now64
                0x000000000000ff93       0x66 /data/riotbuild/riotproject/emcute_mqttsn_sA/bin/native/xtimer.a(xtimer_core.o)
                0x000000000000ff93                _xtimer_now64
 .text._xtimer_set64
                0x000000000000fff9      0x103 /data/riotbuild/riotproject/emcute_mqttsn_sA/bin/native/xtimer.a(xtimer_core.o)
                0x000000000000fff9                _xtimer_set64
 .text._xtimer_set
                0x00000000000100fc       0x9c /data/riotbuild/riotproject/emcute_mqttsn_sA/bin/native/xtimer.a(xtimer_core.o)
                0x00000000000100fc                _xtimer_set
 .text._periph_timer_callback
                0x0000000000010198       0x40 /data/riotbuild/riotproject/emcute_mqttsn_sA/bin/native/xtimer.a(xtimer_core.o)
 .text._shoot   0x00000000000101d8       0x4a /data/riotbuild/riotproject/emcute_mqttsn_sA/bin/native/xtimer.a(xtimer_core.o)
 .text._lltimer_set
                0x0000000000010222       0x64 /data/riotbuild/riotproject/emcute_mqttsn_sA/bin/native/xtimer.a(xtimer_core.o)
 .text._xtimer_set_absolute
                0x0000000000010286      0x189 /data/riotbuild/riotproject/emcute_mqttsn_sA/bin/native/xtimer.a(xtimer_core.o)
                0x0000000000010286                _xtimer_set_absolute
 .text._add_timer_to_list
                0x000000000001040f       0x72 /data/riotbuild/riotproject/emcute_mqttsn_sA/bin/native/xtimer.a(xtimer_core.o)
 .text._add_timer_to_long_list
                0x0000000000010481       0x96 /data/riotbuild/riotproject/emcute_mqttsn_sA/bin/native/xtimer.a(xtimer_core.o)
 .text._remove_timer_from_list
                0x0000000000010517       0x6d /data/riotbuild/riotproject/emcute_mqttsn_sA/bin/native/xtimer.a(xtimer_core.o)
 .text._remove  0x0000000000010584       0xd2 /data/riotbuild/riotproject/emcute_mqttsn_sA/bin/native/xtimer.a(xtimer_core.o)
 .text.xtimer_remove
                0x0000000000010656       0x71 /data/riotbuild/riotproject/emcute_mqttsn_sA/bin/native/xtimer.a(xtimer_core.o)
                0x0000000000010656                xtimer_remove
 .text._time_left
                0x00000000000106c7       0x66 /data/riotbuild/riotproject/emcute_mqttsn_sA/bin/native/xtimer.a(xtimer_core.o)
 .text._this_high_period
                0x000000000001072d       0x39 /data/riotbuild/riotproject/emcute_mqttsn_sA/bin/native/xtimer.a(xtimer_core.o)
 .text._compare
                0x0000000000010766       0x6e /data/riotbuild/riotproject/emcute_mqttsn_sA/bin/native/xtimer.a(xtimer_core.o)
 .text._merge_lists
                0x00000000000107d4       0xa9 /data/riotbuild/riotproject/emcute_mqttsn_sA/bin/native/xtimer.a(xtimer_core.o)
 .text._select_long_timers
                0x000000000001087d       0xde /data/riotbuild/riotproject/emcute_mqttsn_sA/bin/native/xtimer.a(xtimer_core.o)
 .text._next_period
                0x000000000001095b       0x5a /data/riotbuild/riotproject/emcute_mqttsn_sA/bin/native/xtimer.a(xtimer_core.o)
 .text._timer_callback
                0x00000000000109b5      0x1f0 /data/riotbuild/riotproject/emcute_mqttsn_sA/bin/native/xtimer.a(xtimer_core.o)
 .text._callback_msg
                0x0000000000010ba5       0x5a /data/riotbuild/riotproject/emcute_mqttsn_sA/bin/native/xtimer.a(xtimer.o)
 .text._setup_msg
                0x0000000000010bff       0x64 /data/riotbuild/riotproject/emcute_mqttsn_sA/bin/native/xtimer.a(xtimer.o)
 .text._xtimer_set_msg
                0x0000000000010c63       0x76 /data/riotbuild/riotproject/emcute_mqttsn_sA/bin/native/xtimer.a(xtimer.o)
                0x0000000000010c63                _xtimer_set_msg
 .text.periph_init
                0x0000000000010cd9       0x3c /data/riotbuild/riotproject/emcute_mqttsn_sA/bin/native/periph_common.a(init.o)
                0x0000000000010cd9                periph_init
 .text.auto_init
                0x0000000000010d15       0x58 /data/riotbuild/riotproject/emcute_mqttsn_sA/bin/native/auto_init.a(auto_init.o)
                0x0000000000010d15                auto_init
 .text.auto_init_netdev_tap
                0x0000000000010d6d       0xc4 /data/riotbuild/riotproject/emcute_mqttsn_sA/bin/native/auto_init_gnrc_netif.a(auto_init_netdev_tap.o)
                0x0000000000010d6d                auto_init_netdev_tap
 .text.list_remove_head
                0x0000000000010e31       0x4f /data/riotbuild/riotproject/emcute_mqttsn_sA/bin/native/core.a(mutex.o)
 .text._mutex_lock
                0x0000000000010e80       0xf3 /data/riotbuild/riotproject/emcute_mqttsn_sA/bin/native/core.a(mutex.o)
                0x0000000000010e80                _mutex_lock
 .text.mutex_unlock
                0x0000000000010f73       0xef /data/riotbuild/riotproject/emcute_mqttsn_sA/bin/native/core.a(mutex.o)
                0x0000000000010f73                mutex_unlock
 .text._async_io_isr
                0x0000000000011062      0x1f9 /data/riotbuild/riotproject/emcute_mqttsn_sA/bin/native/cpu.a(async_read.o)
 .text.native_async_read_setup
                0x000000000001125b       0x4a /data/riotbuild/riotproject/emcute_mqttsn_sA/bin/native/cpu.a(async_read.o)
                0x000000000001125b                native_async_read_setup
 .text.native_async_read_cleanup
                0x00000000000112a5       0x74 /data/riotbuild/riotproject/emcute_mqttsn_sA/bin/native/cpu.a(async_read.o)
                0x00000000000112a5                native_async_read_cleanup
 .text.native_async_read_continue
                0x0000000000011319       0x35 /data/riotbuild/riotproject/emcute_mqttsn_sA/bin/native/cpu.a(async_read.o)
                0x0000000000011319                native_async_read_continue
 .text.native_async_read_add_handler
                0x000000000001134e      0x105 /data/riotbuild/riotproject/emcute_mqttsn_sA/bin/native/cpu.a(async_read.o)
                0x000000000001134e                native_async_read_add_handler
 .text.fmt_byte_hex
                0x0000000000011453       0x7e /data/riotbuild/riotproject/emcute_mqttsn_sA/bin/native/fmt.a(fmt.o)
                0x0000000000011453                fmt_byte_hex
 .text.gnrc_netapi_dispatch_send
                0x00000000000114d1       0x5d /data/riotbuild/riotproject/emcute_mqttsn_sA/bin/native/gnrc_icmpv6_echo.a(gnrc_icmpv6_echo.o)
 .text.byteorder_swaps
                0x000000000001152e       0x3d /data/riotbuild/riotproject/emcute_mqttsn_sA/bin/native/gnrc_icmpv6_echo.a(gnrc_icmpv6_echo.o)
 .text.byteorder_htons
                0x000000000001156b       0x60 /data/riotbuild/riotproject/emcute_mqttsn_sA/bin/native/gnrc_icmpv6_echo.a(gnrc_icmpv6_echo.o)
 .text.byteorder_ntohs
                0x00000000000115cb       0x49 /data/riotbuild/riotproject/emcute_mqttsn_sA/bin/native/gnrc_icmpv6_echo.a(gnrc_icmpv6_echo.o)
 .text.ipv6_addr_is_multicast
                0x0000000000011614       0x3f /data/riotbuild/riotproject/emcute_mqttsn_sA/bin/native/gnrc_icmpv6_echo.a(gnrc_icmpv6_echo.o)
 .text.gnrc_pktbuf_release
                0x0000000000011653       0x4c /data/riotbuild/riotproject/emcute_mqttsn_sA/bin/native/gnrc_icmpv6_echo.a(gnrc_icmpv6_echo.o)
 .text.gnrc_icmpv6_echo_build
                0x000000000001169f       0xe6 /data/riotbuild/riotproject/emcute_mqttsn_sA/bin/native/gnrc_icmpv6_echo.a(gnrc_icmpv6_echo.o)
                0x000000000001169f                gnrc_icmpv6_echo_build
 .text.gnrc_icmpv6_echo_req_handle
                0x0000000000011785      0x1c3 /data/riotbuild/riotproject/emcute_mqttsn_sA/bin/native/gnrc_icmpv6_echo.a(gnrc_icmpv6_echo.o)
                0x0000000000011785                gnrc_icmpv6_echo_req_handle
 .text.byteorder_swaps
                0x0000000000011948       0x3d /data/riotbuild/riotproject/emcute_mqttsn_sA/bin/native/gnrc_ipv6.a(gnrc_ipv6.o)
 .text.byteorder_htons
                0x0000000000011985       0x60 /data/riotbuild/riotproject/emcute_mqttsn_sA/bin/native/gnrc_ipv6.a(gnrc_ipv6.o)
 .text.byteorder_ntohs
                0x00000000000119e5       0x49 /data/riotbuild/riotproject/emcute_mqttsn_sA/bin/native/gnrc_ipv6.a(gnrc_ipv6.o)
 .text.gnrc_nettype_from_protnum
                0x0000000000011a2e       0x63 /data/riotbuild/riotproject/emcute_mqttsn_sA/bin/native/gnrc_ipv6.a(gnrc_ipv6.o)
 .text.gnrc_nettype_to_protnum
                0x0000000000011a91       0x62 /data/riotbuild/riotproject/emcute_mqttsn_sA/bin/native/gnrc_ipv6.a(gnrc_ipv6.o)
 .text.gnrc_pkt_len
                0x0000000000011af3       0x57 /data/riotbuild/riotproject/emcute_mqttsn_sA/bin/native/gnrc_ipv6.a(gnrc_ipv6.o)
 .text.gnrc_pkt_len_upto
                0x0000000000011b4a       0x6b /data/riotbuild/riotproject/emcute_mqttsn_sA/bin/native/gnrc_ipv6.a(gnrc_ipv6.o)
 .text.gnrc_netapi_send
                0x0000000000011bb5       0x5a /data/riotbuild/riotproject/emcute_mqttsn_sA/bin/native/gnrc_ipv6.a(gnrc_ipv6.o)
 .text.gnrc_netapi_dispatch_receive
                0x0000000000011c0f       0x5d /data/riotbuild/riotproject/emcute_mqttsn_sA/bin/native/gnrc_ipv6.a(gnrc_ipv6.o)
 .text.ipv6_addr_is_unspecified
                0x0000000000011c6c       0x57 /data/riotbuild/riotproject/emcute_mqttsn_sA/bin/native/gnrc_ipv6.a(gnrc_ipv6.o)
 .text.ipv6_addr_is_loopback
                0x0000000000011cc3       0x57 /data/riotbuild/riotproject/emcute_mqttsn_sA/bin/native/gnrc_ipv6.a(gnrc_ipv6.o)
 .text.ipv6_addr_is_multicast
                0x0000000000011d1a       0x3f /data/riotbuild/riotproject/emcute_mqttsn_sA/bin/native/gnrc_ipv6.a(gnrc_ipv6.o)
 .text.ipv6_addr_is_link_local
                0x0000000000011d59       0x89 /data/riotbuild/riotproject/emcute_mqttsn_sA/bin/native/gnrc_ipv6.a(gnrc_ipv6.o)
 .text.ipv6_addr_set_loopback
                0x0000000000011de2       0x55 /data/riotbuild/riotproject/emcute_mqttsn_sA/bin/native/gnrc_ipv6.a(gnrc_ipv6.o)
 .text.gnrc_pktbuf_release
                0x0000000000011e37       0x4c /data/riotbuild/riotproject/emcute_mqttsn_sA/bin/native/gnrc_ipv6.a(gnrc_ipv6.o)
 .text.gnrc_netif_hdr_get_netif
                0x0000000000011e83       0x6d /data/riotbuild/riotproject/emcute_mqttsn_sA/bin/native/gnrc_ipv6.a(gnrc_ipv6.o)
 .text.ipv6_hdr_is
                0x0000000000011ef0       0x48 /data/riotbuild/riotproject/emcute_mqttsn_sA/bin/native/gnrc_ipv6.a(gnrc_ipv6.o)
 .text.gnrc_ipv6_nib_nc_get_iface
                0x0000000000011f38       0x44 /data/riotbuild/riotproject/emcute_mqttsn_sA/bin/native/gnrc_ipv6.a(gnrc_ipv6.o)
 .text.gnrc_ipv6_init
                0x0000000000011f7c       0x78 /data/riotbuild/riotproject/emcute_mqttsn_sA/bin/native/gnrc_ipv6.a(gnrc_ipv6.o)
                0x0000000000011f7c                gnrc_ipv6_init
 .text._gnrc_ipv6_is_interested
                0x0000000000011ff4       0x3b /data/riotbuild/riotproject/emcute_mqttsn_sA/bin/native/gnrc_ipv6.a(gnrc_ipv6.o)
 .text._demux   0x000000000001202f       0x9f /data/riotbuild/riotproject/emcute_mqttsn_sA/bin/native/gnrc_ipv6.a(gnrc_ipv6.o)
 .text.gnrc_ipv6_get_header
                0x00000000000120ce       0xc3 /data/riotbuild/riotproject/emcute_mqttsn_sA/bin/native/gnrc_ipv6.a(gnrc_ipv6.o)
                0x00000000000120ce                gnrc_ipv6_get_header
 .text._dispatch_next_header
                0x0000000000012191       0xff /data/riotbuild/riotproject/emcute_mqttsn_sA/bin/native/gnrc_ipv6.a(gnrc_ipv6.o)
 .text._event_loop
                0x0000000000012290      0x152 /data/riotbuild/riotproject/emcute_mqttsn_sA/bin/native/gnrc_ipv6.a(gnrc_ipv6.o)
 .text._send_to_iface
                0x00000000000123e2       0xda /data/riotbuild/riotproject/emcute_mqttsn_sA/bin/native/gnrc_ipv6.a(gnrc_ipv6.o)
 .text._create_netif_hdr
                0x00000000000124bc       0xa7 /data/riotbuild/riotproject/emcute_mqttsn_sA/bin/native/gnrc_ipv6.a(gnrc_ipv6.o)
 .text._is_ipv6_hdr
                0x0000000000012563       0x40 /data/riotbuild/riotproject/emcute_mqttsn_sA/bin/native/gnrc_ipv6.a(gnrc_ipv6.o)
 .text._fill_ipv6_hdr
                0x00000000000125a3      0x1e8 /data/riotbuild/riotproject/emcute_mqttsn_sA/bin/native/gnrc_ipv6.a(gnrc_ipv6.o)
 .text._safe_fill_ipv6_hdr
                0x000000000001278b       0x77 /data/riotbuild/riotproject/emcute_mqttsn_sA/bin/native/gnrc_ipv6.a(gnrc_ipv6.o)
 .text._send_unicast
                0x0000000000012802      0x108 /data/riotbuild/riotproject/emcute_mqttsn_sA/bin/native/gnrc_ipv6.a(gnrc_ipv6.o)
 .text._send_multicast_over_iface
                0x000000000001290a       0x79 /data/riotbuild/riotproject/emcute_mqttsn_sA/bin/native/gnrc_ipv6.a(gnrc_ipv6.o)
 .text._send_multicast
                0x0000000000012983       0xe0 /data/riotbuild/riotproject/emcute_mqttsn_sA/bin/native/gnrc_ipv6.a(gnrc_ipv6.o)
 .text._send_to_self
                0x0000000000012a63       0xad /data/riotbuild/riotproject/emcute_mqttsn_sA/bin/native/gnrc_ipv6.a(gnrc_ipv6.o)
 .text._send    0x0000000000012b10      0x1de /data/riotbuild/riotproject/emcute_mqttsn_sA/bin/native/gnrc_ipv6.a(gnrc_ipv6.o)
 .text._pkt_not_for_me
                0x0000000000012cee       0xba /data/riotbuild/riotproject/emcute_mqttsn_sA/bin/native/gnrc_ipv6.a(gnrc_ipv6.o)
 .text._receive
                0x0000000000012da8      0x266 /data/riotbuild/riotproject/emcute_mqttsn_sA/bin/native/gnrc_ipv6.a(gnrc_ipv6.o)
 .text.byteorder_swapl
                0x000000000001300e       0x39 /data/riotbuild/riotproject/emcute_mqttsn_sA/bin/native/gnrc_ipv6_hdr.a(gnrc_ipv6_hdr.o)
 .text.byteorder_htonl
                0x0000000000013047       0x58 /data/riotbuild/riotproject/emcute_mqttsn_sA/bin/native/gnrc_ipv6_hdr.a(gnrc_ipv6_hdr.o)
 .text.ipv6_addr_set_unspecified
                0x000000000001309f       0x4e /data/riotbuild/riotproject/emcute_mqttsn_sA/bin/native/gnrc_ipv6_hdr.a(gnrc_ipv6_hdr.o)
 .text.ipv6_addr_set_loopback
                0x00000000000130ed       0x55 /data/riotbuild/riotproject/emcute_mqttsn_sA/bin/native/gnrc_ipv6_hdr.a(gnrc_ipv6_hdr.o)
 .text.gnrc_ipv6_hdr_build
                0x0000000000013142      0x101 /data/riotbuild/riotproject/emcute_mqttsn_sA/bin/native/gnrc_ipv6_hdr.a(gnrc_ipv6_hdr.o)
                0x0000000000013142                gnrc_ipv6_hdr_build
 .text.byteorder_swaps
                0x0000000000013243       0x3d /data/riotbuild/riotproject/emcute_mqttsn_sA/bin/native/gnrc_ipv6_nib.a(nib.o)
 .text.byteorder_swapl
                0x0000000000013280       0x39 /data/riotbuild/riotproject/emcute_mqttsn_sA/bin/native/gnrc_ipv6_nib.a(nib.o)
 .text.byteorder_ntohs
                0x00000000000132b9       0x49 /data/riotbuild/riotproject/emcute_mqttsn_sA/bin/native/gnrc_ipv6_nib.a(nib.o)
 .text.byteorder_ntohl
                0x0000000000013302       0x43 /data/riotbuild/riotproject/emcute_mqttsn_sA/bin/native/gnrc_ipv6_nib.a(nib.o)
 .text.ipv6_addr_is_unspecified
                0x0000000000013345       0x57 /data/riotbuild/riotproject/emcute_mqttsn_sA/bin/native/gnrc_ipv6_nib.a(nib.o)
 .text.ipv6_addr_is_multicast
                0x000000000001339c       0x3f /data/riotbuild/riotproject/emcute_mqttsn_sA/bin/native/gnrc_ipv6_nib.a(nib.o)
 .text.ipv6_addr_is_link_local
                0x00000000000133db       0x89 /data/riotbuild/riotproject/emcute_mqttsn_sA/bin/native/gnrc_ipv6_nib.a(nib.o)
 .text.ipv6_addr_is_solicited_node
                0x0000000000013464       0x57 /data/riotbuild/riotproject/emcute_mqttsn_sA/bin/native/gnrc_ipv6_nib.a(nib.o)
 .text.gnrc_netapi_dispatch_send
                0x00000000000134bb       0x5d /data/riotbuild/riotproject/emcute_mqttsn_sA/bin/native/gnrc_ipv6_nib.a(nib.o)
 .text.mutex_lock
                0x0000000000013518       0x4c /data/riotbuild/riotproject/emcute_mqttsn_sA/bin/native/gnrc_ipv6_nib.a(nib.o)
 .text._xtimer_usec_from_ticks64
                0x0000000000013564       0x40 /data/riotbuild/riotproject/emcute_mqttsn_sA/bin/native/gnrc_ipv6_nib.a(nib.o)
 .text.xtimer_now64
                0x00000000000135a4       0x5a /data/riotbuild/riotproject/emcute_mqttsn_sA/bin/native/gnrc_ipv6_nib.a(nib.o)
 .text.xtimer_now_usec64
                0x00000000000135fe       0x4e /data/riotbuild/riotproject/emcute_mqttsn_sA/bin/native/gnrc_ipv6_nib.a(nib.o)
 .text.xtimer_usec_from_ticks64
                0x000000000001364c       0x4d /data/riotbuild/riotproject/emcute_mqttsn_sA/bin/native/gnrc_ipv6_nib.a(nib.o)
 .text.evtimer_add_msg
                0x0000000000013699       0x68 /data/riotbuild/riotproject/emcute_mqttsn_sA/bin/native/gnrc_ipv6_nib.a(nib.o)
 .text.gnrc_netif_ipv6_addr_dad_trans
                0x0000000000013701       0x4b /data/riotbuild/riotproject/emcute_mqttsn_sA/bin/native/gnrc_ipv6_nib.a(nib.o)
 .text.gnrc_pktbuf_release
                0x000000000001374c       0x4c /data/riotbuild/riotproject/emcute_mqttsn_sA/bin/native/gnrc_ipv6_nib.a(nib.o)
 .text.gnrc_pktqueue_add
                0x0000000000013798       0x7a /data/riotbuild/riotproject/emcute_mqttsn_sA/bin/native/gnrc_ipv6_nib.a(nib.o)
 .text._nib_onl_get_if
                0x0000000000013812       0x44 /data/riotbuild/riotproject/emcute_mqttsn_sA/bin/native/gnrc_ipv6_nib.a(nib.o)
 .text._evtimer_add
                0x0000000000013856       0xb1 /data/riotbuild/riotproject/emcute_mqttsn_sA/bin/native/gnrc_ipv6_nib.a(nib.o)
 .text._init_iface_arsm
                0x0000000000013907       0x5b /data/riotbuild/riotproject/emcute_mqttsn_sA/bin/native/gnrc_ipv6_nib.a(nib.o)
 .text._get_nud_state
                0x0000000000013962       0x3e /data/riotbuild/riotproject/emcute_mqttsn_sA/bin/native/gnrc_ipv6_nib.a(nib.o)
 .text.gnrc_ipv6_nib_init
                0x00000000000139a0       0x96 /data/riotbuild/riotproject/emcute_mqttsn_sA/bin/native/gnrc_ipv6_nib.a(nib.o)
                0x00000000000139a0                gnrc_ipv6_nib_init
 .text.gnrc_ipv6_nib_init_iface
                0x0000000000013a36      0x164 /data/riotbuild/riotproject/emcute_mqttsn_sA/bin/native/gnrc_ipv6_nib.a(nib.o)
                0x0000000000013a36                gnrc_ipv6_nib_init_iface
 .text._on_link
                0x0000000000013b9a       0xd0 /data/riotbuild/riotproject/emcute_mqttsn_sA/bin/native/gnrc_ipv6_nib.a(nib.o)
 .text.gnrc_ipv6_nib_get_next_hop_l2addr
                0x0000000000013c6a      0x2e0 /data/riotbuild/riotproject/emcute_mqttsn_sA/bin/native/gnrc_ipv6_nib.a(nib.o)
                0x0000000000013c6a                gnrc_ipv6_nib_get_next_hop_l2addr
 .text.gnrc_ipv6_nib_handle_pkt
                0x0000000000013f4a      0x105 /data/riotbuild/riotproject/emcute_mqttsn_sA/bin/native/gnrc_ipv6_nib.a(nib.o)
                0x0000000000013f4a                gnrc_ipv6_nib_handle_pkt
 .text.gnrc_ipv6_nib_handle_timer_event
                0x000000000001404f      0x11b /data/riotbuild/riotproject/emcute_mqttsn_sA/bin/native/gnrc_ipv6_nib.a(nib.o)
                0x000000000001404f                gnrc_ipv6_nib_handle_timer_event
 .text._min     0x000000000001416a       0x44 /data/riotbuild/riotproject/emcute_mqttsn_sA/bin/native/gnrc_ipv6_nib.a(nib.o)
 .text._handle_rtr_adv
                0x00000000000141ae      0x38c /data/riotbuild/riotproject/emcute_mqttsn_sA/bin/native/gnrc_ipv6_nib.a(nib.o)
 .text._get_l2src
                0x000000000001453a       0x74 /data/riotbuild/riotproject/emcute_mqttsn_sA/bin/native/gnrc_ipv6_nib.a(nib.o)
 .text._check_release_pkt
                0x00000000000145ae       0x51 /data/riotbuild/riotproject/emcute_mqttsn_sA/bin/native/gnrc_ipv6_nib.a(nib.o)
 .text._send_delayed_nbr_adv
                0x00000000000145ff      0x209 /data/riotbuild/riotproject/emcute_mqttsn_sA/bin/native/gnrc_ipv6_nib.a(nib.o)
 .text._handle_nbr_sol
                0x0000000000014808      0x32e /data/riotbuild/riotproject/emcute_mqttsn_sA/bin/native/gnrc_ipv6_nib.a(nib.o)
 .text._handle_nbr_adv
                0x0000000000014b36      0x2a7 /data/riotbuild/riotproject/emcute_mqttsn_sA/bin/native/gnrc_ipv6_nib.a(nib.o)
 .text._alloc_queue_entry
                0x0000000000014ddd       0x78 /data/riotbuild/riotproject/emcute_mqttsn_sA/bin/native/gnrc_ipv6_nib.a(nib.o)
 .text._resolve_addr
                0x0000000000014e55      0x2aa /data/riotbuild/riotproject/emcute_mqttsn_sA/bin/native/gnrc_ipv6_nib.a(nib.o)
 .text._handle_snd_na
                0x00000000000150ff       0x63 /data/riotbuild/riotproject/emcute_mqttsn_sA/bin/native/gnrc_ipv6_nib.a(nib.o)
 .text._handle_pfx_timeout
                0x0000000000015162      0x1fb /data/riotbuild/riotproject/emcute_mqttsn_sA/bin/native/gnrc_ipv6_nib.a(nib.o)
 .text._handle_rtr_timeout
                0x000000000001535d      0x119 /data/riotbuild/riotproject/emcute_mqttsn_sA/bin/native/gnrc_ipv6_nib.a(nib.o)
 .text._handle_search_rtr
                0x0000000000015476       0xee /data/riotbuild/riotproject/emcute_mqttsn_sA/bin/native/gnrc_ipv6_nib.a(nib.o)
                0x0000000000015476                _handle_search_rtr
 .text._handle_mtuo
                0x0000000000015564       0x8d /data/riotbuild/riotproject/emcute_mqttsn_sA/bin/native/gnrc_ipv6_nib.a(nib.o)
 .text._remove_prefix
                0x00000000000155f1       0xab /data/riotbuild/riotproject/emcute_mqttsn_sA/bin/native/gnrc_ipv6_nib.a(nib.o)
 .text._handle_pio
                0x000000000001569c      0x1f1 /data/riotbuild/riotproject/emcute_mqttsn_sA/bin/native/gnrc_ipv6_nib.a(nib.o)
 .text.mutex_lock
                0x000000000001588d       0x4c /data/riotbuild/riotproject/emcute_mqttsn_sA/bin/native/gnrc_ipv6_nib.a(nib_nc.o)
 .text.gnrc_ipv6_nib_nc_get_nud_state
                0x00000000000158d9       0x41 /data/riotbuild/riotproject/emcute_mqttsn_sA/bin/native/gnrc_ipv6_nib.a(nib_nc.o)
 .text.gnrc_ipv6_nib_nc_is_router
                0x000000000001591a       0x46 /data/riotbuild/riotproject/emcute_mqttsn_sA/bin/native/gnrc_ipv6_nib.a(nib_nc.o)
 .text.gnrc_ipv6_nib_nc_get_iface
                0x0000000000015960       0x44 /data/riotbuild/riotproject/emcute_mqttsn_sA/bin/native/gnrc_ipv6_nib.a(nib_nc.o)
 .text._nib_onl_get_if
                0x00000000000159a4       0x44 /data/riotbuild/riotproject/emcute_mqttsn_sA/bin/native/gnrc_ipv6_nib.a(nib_nc.o)
 .text.gnrc_ipv6_nib_nc_set
                0x00000000000159e8      0x14a /data/riotbuild/riotproject/emcute_mqttsn_sA/bin/native/gnrc_ipv6_nib.a(nib_nc.o)
                0x00000000000159e8                gnrc_ipv6_nib_nc_set
 .text.gnrc_ipv6_nib_nc_del
                0x0000000000015b32       0xc0 /data/riotbuild/riotproject/emcute_mqttsn_sA/bin/native/gnrc_ipv6_nib.a(nib_nc.o)
                0x0000000000015b32                gnrc_ipv6_nib_nc_del
 .text.gnrc_ipv6_nib_nc_mark_reachable
                0x0000000000015bf2       0xcc /data/riotbuild/riotproject/emcute_mqttsn_sA/bin/native/gnrc_ipv6_nib.a(nib_nc.o)
                0x0000000000015bf2                gnrc_ipv6_nib_nc_mark_reachable
 .text.gnrc_ipv6_nib_nc_iter
                0x0000000000015cbe       0xd9 /data/riotbuild/riotproject/emcute_mqttsn_sA/bin/native/gnrc_ipv6_nib.a(nib_nc.o)
                0x0000000000015cbe                gnrc_ipv6_nib_nc_iter
 .text.gnrc_ipv6_nib_nc_print
                0x0000000000015d97      0x127 /data/riotbuild/riotproject/emcute_mqttsn_sA/bin/native/gnrc_ipv6_nib.a(nib_nc.o)
                0x0000000000015d97                gnrc_ipv6_nib_nc_print
 .text.byteorder_swapl
                0x0000000000015ebe       0x39 /data/riotbuild/riotproject/emcute_mqttsn_sA/bin/native/gnrc_ipv6_nib.a(_nib-arsm.o)
 .text.byteorder_swapll
                0x0000000000015ef7       0x51 /data/riotbuild/riotproject/emcute_mqttsn_sA/bin/native/gnrc_ipv6_nib.a(_nib-arsm.o)
 .text.byteorder_htonl
                0x0000000000015f48       0x58 /data/riotbuild/riotproject/emcute_mqttsn_sA/bin/native/gnrc_ipv6_nib.a(_nib-arsm.o)
 .text.byteorder_htonll
                0x0000000000015fa0       0x6a /data/riotbuild/riotproject/emcute_mqttsn_sA/bin/native/gnrc_ipv6_nib.a(_nib-arsm.o)
 .text.ipv6_addr_set_solicited_nodes
                0x000000000001600a       0x9f /data/riotbuild/riotproject/emcute_mqttsn_sA/bin/native/gnrc_ipv6_nib.a(_nib-arsm.o)
 .text.gnrc_netapi_dispatch_send
                0x00000000000160a9       0x5d /data/riotbuild/riotproject/emcute_mqttsn_sA/bin/native/gnrc_ipv6_nib.a(_nib-arsm.o)
 .text.evtimer_add_msg
                0x0000000000016106       0x68 /data/riotbuild/riotproject/emcute_mqttsn_sA/bin/native/gnrc_ipv6_nib.a(_nib-arsm.o)
 .text.gnrc_netif_ndp_addr_len_from_l2ao
                0x000000000001616e       0x83 /data/riotbuild/riotproject/emcute_mqttsn_sA/bin/native/gnrc_ipv6_nib.a(_nib-arsm.o)
 .text.gnrc_pktqueue_remove
                0x00000000000161f1       0x9c /data/riotbuild/riotproject/emcute_mqttsn_sA/bin/native/gnrc_ipv6_nib.a(_nib-arsm.o)
 .text.gnrc_pktqueue_remove_head
                0x000000000001628d       0x48 /data/riotbuild/riotproject/emcute_mqttsn_sA/bin/native/gnrc_ipv6_nib.a(_nib-arsm.o)
 .text._nib_onl_get_if
                0x00000000000162d5       0x44 /data/riotbuild/riotproject/emcute_mqttsn_sA/bin/native/gnrc_ipv6_nib.a(_nib-arsm.o)
 .text._evtimer_add
                0x0000000000016319       0xb1 /data/riotbuild/riotproject/emcute_mqttsn_sA/bin/native/gnrc_ipv6_nib.a(_nib-arsm.o)
 .text._exp_backoff_retrans_timer_factor
                0x00000000000163ca      0x10e /data/riotbuild/riotproject/emcute_mqttsn_sA/bin/native/gnrc_ipv6_nib.a(_nib-arsm.o)
 .text._get_nud_state
                0x00000000000164d8       0x3e /data/riotbuild/riotproject/emcute_mqttsn_sA/bin/native/gnrc_ipv6_nib.a(_nib-arsm.o)
 .text._snd_ns  0x0000000000016516       0x6f /data/riotbuild/riotproject/emcute_mqttsn_sA/bin/native/gnrc_ipv6_nib.a(_nib-arsm.o)
                0x0000000000016516                _snd_ns
 .text._snd_uc_ns
                0x0000000000016585       0xec /data/riotbuild/riotproject/emcute_mqttsn_sA/bin/native/gnrc_ipv6_nib.a(_nib-arsm.o)
                0x0000000000016585                _snd_uc_ns
 .text._handle_sl2ao
                0x0000000000016671      0x1f6 /data/riotbuild/riotproject/emcute_mqttsn_sA/bin/native/gnrc_ipv6_nib.a(_nib-arsm.o)
                0x0000000000016671                _handle_sl2ao
 .text._handle_snd_ns
                0x0000000000016867       0xda /data/riotbuild/riotproject/emcute_mqttsn_sA/bin/native/gnrc_ipv6_nib.a(_nib-arsm.o)
                0x0000000000016867                _handle_snd_ns
 .text._handle_state_timeout
                0x0000000000016941       0xaf /data/riotbuild/riotproject/emcute_mqttsn_sA/bin/native/gnrc_ipv6_nib.a(_nib-arsm.o)
                0x0000000000016941                _handle_state_timeout
 .text._probe_nbr
                0x00000000000169f0      0x1a7 /data/riotbuild/riotproject/emcute_mqttsn_sA/bin/native/gnrc_ipv6_nib.a(_nib-arsm.o)
                0x00000000000169f0                _probe_nbr
 .text._handle_adv_l2
                0x0000000000016b97      0x384 /data/riotbuild/riotproject/emcute_mqttsn_sA/bin/native/gnrc_ipv6_nib.a(_nib-arsm.o)
                0x0000000000016b97                _handle_adv_l2
 .text._recalc_reach_time
                0x0000000000016f1b       0x8e /data/riotbuild/riotproject/emcute_mqttsn_sA/bin/native/gnrc_ipv6_nib.a(_nib-arsm.o)
                0x0000000000016f1b                _recalc_reach_time
 .text._set_reachable
                0x0000000000016fa9       0x6f /data/riotbuild/riotproject/emcute_mqttsn_sA/bin/native/gnrc_ipv6_nib.a(_nib-arsm.o)
                0x0000000000016fa9                _set_reachable
 .text._set_nud_state
                0x0000000000017018       0x6b /data/riotbuild/riotproject/emcute_mqttsn_sA/bin/native/gnrc_ipv6_nib.a(_nib-arsm.o)
                0x0000000000017018                _set_nud_state
 .text._is_reachable
                0x0000000000017083       0x59 /data/riotbuild/riotproject/emcute_mqttsn_sA/bin/native/gnrc_ipv6_nib.a(_nib-arsm.o)
                0x0000000000017083                _is_reachable
 .text._exp_backoff_retrans_timer
                0x00000000000170dc       0x6f /data/riotbuild/riotproject/emcute_mqttsn_sA/bin/native/gnrc_ipv6_nib.a(_nib-arsm.o)
 .text._tl2ao_changes_nce
                0x000000000001714b       0xb0 /data/riotbuild/riotproject/emcute_mqttsn_sA/bin/native/gnrc_ipv6_nib.a(_nib-arsm.o)
 .text._oflag_set
                0x00000000000171fb       0x5e /data/riotbuild/riotproject/emcute_mqttsn_sA/bin/native/gnrc_ipv6_nib.a(_nib-arsm.o)
 .text._sflag_set
                0x0000000000017259       0x5e /data/riotbuild/riotproject/emcute_mqttsn_sA/bin/native/gnrc_ipv6_nib.a(_nib-arsm.o)
 .text._rflag_set
                0x00000000000172b7       0x58 /data/riotbuild/riotproject/emcute_mqttsn_sA/bin/native/gnrc_ipv6_nib.a(_nib-arsm.o)
 .text.ipv6_addr_is_unspecified
                0x000000000001730f       0x57 /data/riotbuild/riotproject/emcute_mqttsn_sA/bin/native/gnrc_ipv6_nib.a(nib_pl.o)
 .text.ipv6_addr_is_multicast
                0x0000000000017366       0x3f /data/riotbuild/riotproject/emcute_mqttsn_sA/bin/native/gnrc_ipv6_nib.a(nib_pl.o)
 .text.ipv6_addr_is_link_local
                0x00000000000173a5       0x89 /data/riotbuild/riotproject/emcute_mqttsn_sA/bin/native/gnrc_ipv6_nib.a(nib_pl.o)
 .text.ipv6_addr_set_unspecified
                0x000000000001742e       0x4e /data/riotbuild/riotproject/emcute_mqttsn_sA/bin/native/gnrc_ipv6_nib.a(nib_pl.o)
 .text.mutex_lock
                0x000000000001747c       0x4c /data/riotbuild/riotproject/emcute_mqttsn_sA/bin/native/gnrc_ipv6_nib.a(nib_pl.o)
 .text._xtimer_usec_from_ticks64
                0x00000000000174c8       0x40 /data/riotbuild/riotproject/emcute_mqttsn_sA/bin/native/gnrc_ipv6_nib.a(nib_pl.o)
 .text.xtimer_now64
                0x0000000000017508       0x5a /data/riotbuild/riotproject/emcute_mqttsn_sA/bin/native/gnrc_ipv6_nib.a(nib_pl.o)
 .text.xtimer_now_usec64
                0x0000000000017562       0x4e /data/riotbuild/riotproject/emcute_mqttsn_sA/bin/native/gnrc_ipv6_nib.a(nib_pl.o)
 .text.xtimer_usec_from_ticks64
                0x00000000000175b0       0x4d /data/riotbuild/riotproject/emcute_mqttsn_sA/bin/native/gnrc_ipv6_nib.a(nib_pl.o)
 .text._nib_onl_get_if
                0x00000000000175fd       0x44 /data/riotbuild/riotproject/emcute_mqttsn_sA/bin/native/gnrc_ipv6_nib.a(nib_pl.o)
 .text.gnrc_ipv6_nib_pl_set
                0x0000000000017641      0x23c /data/riotbuild/riotproject/emcute_mqttsn_sA/bin/native/gnrc_ipv6_nib.a(nib_pl.o)
                0x0000000000017641                gnrc_ipv6_nib_pl_set
 .text.gnrc_ipv6_nib_pl_del
                0x000000000001787d      0x12b /data/riotbuild/riotproject/emcute_mqttsn_sA/bin/native/gnrc_ipv6_nib.a(nib_pl.o)
                0x000000000001787d                gnrc_ipv6_nib_pl_del
 .text.gnrc_ipv6_nib_pl_iter
                0x00000000000179a8      0x151 /data/riotbuild/riotproject/emcute_mqttsn_sA/bin/native/gnrc_ipv6_nib.a(nib_pl.o)
                0x00000000000179a8                gnrc_ipv6_nib_pl_iter
 .text.gnrc_ipv6_nib_pl_print
                0x0000000000017af9      0x158 /data/riotbuild/riotproject/emcute_mqttsn_sA/bin/native/gnrc_ipv6_nib.a(nib_pl.o)
                0x0000000000017af9                gnrc_ipv6_nib_pl_print
 .text.ipv6_addr_is_unspecified
                0x0000000000017c51       0x57 /data/riotbuild/riotproject/emcute_mqttsn_sA/bin/native/gnrc_ipv6_nib.a(_nib-internal.o)
 .text.ipv6_addr_set_unspecified
                0x0000000000017ca8       0x4e /data/riotbuild/riotproject/emcute_mqttsn_sA/bin/native/gnrc_ipv6_nib.a(_nib-internal.o)
 .text.clist_rpush
                0x0000000000017cf6       0x6c /data/riotbuild/riotproject/emcute_mqttsn_sA/bin/native/gnrc_ipv6_nib.a(_nib-internal.o)
 .text.clist_lpop
                0x0000000000017d62       0x72 /data/riotbuild/riotproject/emcute_mqttsn_sA/bin/native/gnrc_ipv6_nib.a(_nib-internal.o)
 .text.clist_find_before
                0x0000000000017dd4       0x75 /data/riotbuild/riotproject/emcute_mqttsn_sA/bin/native/gnrc_ipv6_nib.a(_nib-internal.o)
 .text.clist_remove
                0x0000000000017e49       0xa1 /data/riotbuild/riotproject/emcute_mqttsn_sA/bin/native/gnrc_ipv6_nib.a(_nib-internal.o)
 .text._xtimer_usec_from_ticks64
                0x0000000000017eea       0x40 /data/riotbuild/riotproject/emcute_mqttsn_sA/bin/native/gnrc_ipv6_nib.a(_nib-internal.o)
 .text.xtimer_now64
                0x0000000000017f2a       0x5a /data/riotbuild/riotproject/emcute_mqttsn_sA/bin/native/gnrc_ipv6_nib.a(_nib-internal.o)
 .text.xtimer_now_usec64
                0x0000000000017f84       0x4e /data/riotbuild/riotproject/emcute_mqttsn_sA/bin/native/gnrc_ipv6_nib.a(_nib-internal.o)
 .text.xtimer_usec_from_ticks64
                0x0000000000017fd2       0x4d /data/riotbuild/riotproject/emcute_mqttsn_sA/bin/native/gnrc_ipv6_nib.a(_nib-internal.o)
 .text.evtimer_add_msg
                0x000000000001801f       0x68 /data/riotbuild/riotproject/emcute_mqttsn_sA/bin/native/gnrc_ipv6_nib.a(_nib-internal.o)
 .text._evtimer_msg_handler